2026-03-01 12:00:51 - INFO -   Orchestrator   - Starting orchestrator
2026-03-01 12:00:51 - INFO -   Orchestrator   - Starting modules/1.file_retrieval.py
2026-03-01 12:00:52 - INFO -      Module 1    - connecting to https://data.nsw.gov.au/data/dataset/fuel-check
2026-03-01 12:00:56 - INFO -      Module 1    - feb2026 file not yet available
2026-03-01 12:00:56 - INFO -   Orchestrator   - Conditions not met in modules/1.file_retrieval.py - Skipping Module
2026-03-01 12:00:56 - INFO -   Orchestrator   - Starting modules/2.transform_data.py
2026-03-01 12:00:57 - INFO -      Module 2    - Starting Data Transformations
2026-03-01 12:00:57 - INFO -      Module 2    - Reading data and logs/fuelcheck_jan2026.csv
2026-03-01 12:00:57 - INFO -      Module 2    - df_fuel_data has 74525 rows
2026-03-01 12:01:09 - INFO -      Module 2    - Final output has 256774 rows
2026-03-01 12:01:09 - INFO -      Module 2    - Inserting values into database
2026-03-01 12:01:23 - INFO -      Module 2    - Config file updated
2026-03-01 12:01:23 - INFO -      Module 2    - pushing file to repo
2026-03-01 12:01:23 - INFO -      Module 2    - Successfully pushed config.json to repo
2026-03-01 12:01:23 - INFO -      Module 2    - Operation complete
2026-03-01 12:01:24 - INFO -   Orchestrator   - Finished modules/2.transform_data.py
2026-03-01 12:01:24 - INFO -   Orchestrator   - Starting modules/3.api_integration.py
2026-03-01 12:01:24 - INFO -      Module 3    - Pulling API Information
2026-03-01 12:01:28 - INFO -      Module 3    - Cleaning API Data
2026-03-01 12:01:28 - INFO -      Module 3    - Pulling Database Information
2026-03-01 12:01:28 - INFO -      Module 3    - Creating the datasets
2026-03-01 12:01:28 - INFO -      Module 3    - Comparing API dataset to dbo dataset
2026-03-01 12:01:28 - INFO -      Module 3    - Inserting data into the database
2026-03-01 12:01:29 - INFO -      Module 3    - Config file updated
2026-03-01 12:01:29 - INFO -      Module 3    - pushing file to repo
2026-03-01 12:01:29 - INFO -      Module 3    - Successfully pushed config.json to repo
2026-03-01 12:01:29 - INFO -      Module 3    - Operation complete
2026-03-01 12:01:29 - INFO -   Orchestrator   - Finished modules/3.api_integration.py
2026-03-01 12:01:29 - INFO -   Orchestrator   - Starting modules/4.data_quality.py
2026-03-01 12:01:30 - INFO -      Module 4    - Running Data Quality Stored Procedure
2026-03-01 12:01:31 - WARNING -      Module 4    - dq_id INC_01 has 2 rows
2026-03-01 12:01:31 - WARNING -      Module 4    - dq_id INC_04 has 48 rows
2026-03-01 12:01:31 - WARNING -      Module 4    - dq_id PAR_01 has 2 rows
2026-03-01 12:01:31 - WARNING -      Module 4    - dq_id INC_05 has 6 rows
2026-03-01 12:01:31 - INFO -      Module 4    - Running AUTOFIX Stored Procedure
2026-03-01 12:01:31 - INFO -      Module 4    - Autofix INC_01 has 2 rows
2026-03-01 12:01:31 - INFO -      Module 4    - Autofix INC_05 has 6 rows
2026-03-01 12:01:31 - INFO -      Module 4    - Running Data Quality Stored Procedure
2026-03-01 12:01:33 - WARNING -      Module 4    - dq_id INC_04 has 42 rows
2026-03-01 12:01:33 - WARNING -      Module 4    - dq_id PAR_01 has 2 rows
2026-03-01 12:01:33 - INFO -      Module 4    - Operation complete
2026-03-01 12:01:33 - INFO -   Orchestrator   - Finished modules/4.data_quality.py
2026-03-01 12:01:33 - INFO -   Orchestrator   - Starting modules/5.data_update.py
2026-03-01 12:01:33 - INFO -      Module 5    - Running SQL Stored Procedures
2026-03-01 12:01:33 - INFO -      Module 5    - update_fuel_stations_active | INSERT | 0 rows
2026-03-01 12:01:33 - INFO -      Module 5    - update_fuel_stations_active | UPDATE | 0 rows
2026-03-01 12:01:33 - INFO -      Module 5    - update_fact_fuel | INSERT | 0 rows
2026-03-01 12:01:33 - INFO -      Module 5    - update_fuel_stations_inactive | UPDATE | 0 rows
2026-03-01 12:01:33 - INFO -   Orchestrator   - Finished modules/5.data_update.py
2026-03-01 12:01:33 - ERROR -   Orchestrator   - Module modules/5.data_update.py failed with exit code 1
2026-03-01 12:01:33 - ERROR -   Orchestrator   - modules/5.data_update.py errors before failure:
Traceback (most recent call last):
  File "/home/runner/work/NSW-Fuel-Price-Insights/NSW-Fuel-Price-Insights/modules/5.data_update.py", line 162, in <module>
    logger.info(f"Total updates = {total_updates} rows")
                                   ^^^^^^^^^^^^^
NameError: name 'total_updates' is not defined

