2026-03-03 10:53:45 - INFO -   Orchestrator   - Starting orchestrator
2026-03-03 10:53:45 - INFO -   Orchestrator   - Starting modules/1.file_retrieval.py
2026-03-03 10:53:46 - INFO -      Module 1    - feb2026 data file already loaded
2026-03-03 10:53:46 - INFO -   Orchestrator   - Conditions not met in modules/1.file_retrieval.py - Skipping Module
2026-03-03 10:53:46 - INFO -   Orchestrator   - Starting modules/2.transform_data.py
2026-03-03 10:53:46 - INFO -      Module 2    - feb2026 file has already been transformed
2026-03-03 10:53:46 - INFO -   Orchestrator   - Conditions not met in modules/2.transform_data.py - Skipping Module
2026-03-03 10:53:46 - INFO -   Orchestrator   - Starting modules/3.api_integration.py
2026-03-03 10:53:47 - INFO -      Module 3    - Pulling API Information
2026-03-03 10:53:50 - INFO -      Module 3    - Cleaning API Data
2026-03-03 10:53:50 - INFO -      Module 3    - Pulling Database Information
2026-03-03 10:53:52 - INFO -      Module 3    - Creating the datasets
2026-03-03 10:53:52 - INFO -      Module 3    - Comparing API dataset to dbo dataset
2026-03-03 10:53:52 - INFO -      Module 3    - Inserting data into the database
2026-03-03 10:53:53 - ERROR -      Module 3    - Unexpected error while inserting values into database: Execution failed on sql 'INSERT INTO stg_updated_stations (stationid, brand, name, address, street, town, postcode, latitude, longitude, last_update) VALUES (:stationid, :brand, :name, :address, :street, :town, :postcode, :latitude, :longitude, :last_update)': (psycopg2.errors.UniqueViolation) duplicate key value violates unique constraint "staging_updated_stations_pkey"
DETAIL:  Key (stationid)=(1912) already exists.

[SQL: INSERT INTO stg_updated_stations (stationid, brand, name, address, street, town, postcode, latitude, longitude, last_update) VALUES (%(stationid__0)s, %(brand__0)s, %(name__0)s, %(address__0)s, %(street__0)s, %(town__0)s, %(postcode__0)s, %(latitude__0)s, %(longitude__0)s, %(last_update__0)s), (%(stationid__1)s, %(brand__1)s, %(name__1)s, %(address__1)s, %(street__1)s, %(town__1)s, %(postcode__1)s, %(latitude__1)s, %(longitude__1)s, %(last_update__1)s)]
[parameters: {'town__0': 'Girraween', 'brand__0': 'Independent', 'longitude__0': 150.951879, 'address__0': '133-137 Targo, Girraween NSW 2145', 'postcode__0': '2145', 'name__0': 'Bravo Girraween', 'latitude__0': -33.79942, 'stationid__0': '1912', 'street__0': '133-137 Targo', 'last_update__0': '2026-03-03 10:53:47 AM', 'town__1': 'Cessnock', 'brand__1': 'Metro Fuel', 'longitude__1': 151.343011, 'address__1': '105 WOLLOMBI RD, CESSNOCK NSW 2325', 'postcode__1': '2325', 'name__1': 'Metro Petroleum CESSNOCK', 'latitude__1': -32.839355, 'stationid__1': '20206', 'street__1': '105 Wollombi Rd', 'last_update__1': '2026-03-03 10:53:47 AM'}]
(Background on this error at: https://sqlalche.me/e/20/gkpj)
Traceback (most recent call last):
  File "/opt/hostedtoolcache/Python/3.11.14/x64/lib/python3.11/site-packages/sqlalchemy/engine/base.py", line 2125, in _exec_insertmany_context
    dialect.do_execute(
  File "/opt/hostedtoolcache/Python/3.11.14/x64/lib/python3.11/site-packages/sqlalchemy/engine/default.py", line 952, in do_execute
    cursor.execute(statement, parameters)
psycopg2.errors.UniqueViolation: duplicate key value violates unique constraint "staging_updated_stations_pkey"
DETAIL:  Key (stationid)=(1912) already exists.


The above exception was the direct cause of the following exception:

Traceback (most recent call last):
  File "/opt/hostedtoolcache/Python/3.11.14/x64/lib/python3.11/site-packages/pandas/io/sql.py", line 1679, in execute
    return execute_function(sql, *args)
           ^^^^^^^^^^^^^^^^^^^^^^^^^^^^
  File "/opt/hostedtoolcache/Python/3.11.14/x64/lib/python3.11/site-packages/sqlalchemy/engine/base.py", line 1419, in execute
    return meth(
           ^^^^^
  File "/opt/hostedtoolcache/Python/3.11.14/x64/lib/python3.11/site-packages/sqlalchemy/sql/elements.py", line 527, in _execute_on_connection
    return connection._execute_clauseelement(
           ^^^^^^^^^^^^^^^^^^^^^^^^^^^^^^^^^^
  File "/opt/hostedtoolcache/Python/3.11.14/x64/lib/python3.11/site-packages/sqlalchemy/engine/base.py", line 1641, in _execute_clauseelement
    ret = self._execute_context(
          ^^^^^^^^^^^^^^^^^^^^^^
  File "/opt/hostedtoolcache/Python/3.11.14/x64/lib/python3.11/site-packages/sqlalchemy/engine/base.py", line 1844, in _execute_context
    return self._exec_insertmany_context(dialect, context)
           ^^^^^^^^^^^^^^^^^^^^^^^^^^^^^^^^^^^^^^^^^^^^^^^
  File "/opt/hostedtoolcache/Python/3.11.14/x64/lib/python3.11/site-packages/sqlalchemy/engine/base.py", line 2133, in _exec_insertmany_context
    self._handle_dbapi_exception(
  File "/opt/hostedtoolcache/Python/3.11.14/x64/lib/python3.11/site-packages/sqlalchemy/engine/base.py", line 2363, in _handle_dbapi_exception
    raise sqlalchemy_exception.with_traceback(exc_info[2]) from e
  File "/opt/hostedtoolcache/Python/3.11.14/x64/lib/python3.11/site-packages/sqlalchemy/engine/base.py", line 2125, in _exec_insertmany_context
    dialect.do_execute(
  File "/opt/hostedtoolcache/Python/3.11.14/x64/lib/python3.11/site-packages/sqlalchemy/engine/default.py", line 952, in do_execute
    cursor.execute(statement, parameters)
sqlalchemy.exc.IntegrityError: (psycopg2.errors.UniqueViolation) duplicate key value violates unique constraint "staging_updated_stations_pkey"
DETAIL:  Key (stationid)=(1912) already exists.

[SQL: INSERT INTO stg_updated_stations (stationid, brand, name, address, street, town, postcode, latitude, longitude, last_update) VALUES (%(stationid__0)s, %(brand__0)s, %(name__0)s, %(address__0)s, %(street__0)s, %(town__0)s, %(postcode__0)s, %(latitude__0)s, %(longitude__0)s, %(last_update__0)s), (%(stationid__1)s, %(brand__1)s, %(name__1)s, %(address__1)s, %(street__1)s, %(town__1)s, %(postcode__1)s, %(latitude__1)s, %(longitude__1)s, %(last_update__1)s)]
[parameters: {'town__0': 'Girraween', 'brand__0': 'Independent', 'longitude__0': 150.951879, 'address__0': '133-137 Targo, Girraween NSW 2145', 'postcode__0': '2145', 'name__0': 'Bravo Girraween', 'latitude__0': -33.79942, 'stationid__0': '1912', 'street__0': '133-137 Targo', 'last_update__0': '2026-03-03 10:53:47 AM', 'town__1': 'Cessnock', 'brand__1': 'Metro Fuel', 'longitude__1': 151.343011, 'address__1': '105 WOLLOMBI RD, CESSNOCK NSW 2325', 'postcode__1': '2325', 'name__1': 'Metro Petroleum CESSNOCK', 'latitude__1': -32.839355, 'stationid__1': '20206', 'street__1': '105 Wollombi Rd', 'last_update__1': '2026-03-03 10:53:47 AM'}]
(Background on this error at: https://sqlalche.me/e/20/gkpj)

The above exception was the direct cause of the following exception:

Traceback (most recent call last):
  File "/home/runner/work/NSW-Fuel-Price-Insights/NSW-Fuel-Price-Insights/modules/3.api_integration.py", line 302, in <module>
    updated_stations.to_sql('stg_updated_stations', connection, if_exists='append', index=False)
  File "/opt/hostedtoolcache/Python/3.11.14/x64/lib/python3.11/site-packages/pandas/core/generic.py", line 3052, in to_sql
    return sql.to_sql(
           ^^^^^^^^^^^
  File "/opt/hostedtoolcache/Python/3.11.14/x64/lib/python3.11/site-packages/pandas/io/sql.py", line 841, in to_sql
    return pandas_sql.to_sql(
           ^^^^^^^^^^^^^^^^^^
  File "/opt/hostedtoolcache/Python/3.11.14/x64/lib/python3.11/site-packages/pandas/io/sql.py", line 2037, in to_sql
    total_inserted = sql_engine.insert_records(
                     ^^^^^^^^^^^^^^^^^^^^^^^^^^
  File "/opt/hostedtoolcache/Python/3.11.14/x64/lib/python3.11/site-packages/pandas/io/sql.py", line 1571, in insert_records
    return table.insert(chunksize=chunksize, method=method)
           ^^^^^^^^^^^^^^^^^^^^^^^^^^^^^^^^^^^^^^^^^^^^^^^^
  File "/opt/hostedtoolcache/Python/3.11.14/x64/lib/python3.11/site-packages/pandas/io/sql.py", line 1122, in insert
    num_inserted = exec_insert(conn, keys, chunk_iter)
                   ^^^^^^^^^^^^^^^^^^^^^^^^^^^^^^^^^^^
  File "/opt/hostedtoolcache/Python/3.11.14/x64/lib/python3.11/site-packages/pandas/io/sql.py", line 1014, in _execute_insert
    result = self.pd_sql.execute(self.table.insert(), data)
             ^^^^^^^^^^^^^^^^^^^^^^^^^^^^^^^^^^^^^^^^^^^^^^
  File "/opt/hostedtoolcache/Python/3.11.14/x64/lib/python3.11/site-packages/pandas/io/sql.py", line 1681, in execute
    raise DatabaseError(f"Execution failed on sql '{sql}': {exc}") from exc
pandas.errors.DatabaseError: Execution failed on sql 'INSERT INTO stg_updated_stations (stationid, brand, name, address, street, town, postcode, latitude, longitude, last_update) VALUES (:stationid, :brand, :name, :address, :street, :town, :postcode, :latitude, :longitude, :last_update)': (psycopg2.errors.UniqueViolation) duplicate key value violates unique constraint "staging_updated_stations_pkey"
DETAIL:  Key (stationid)=(1912) already exists.

[SQL: INSERT INTO stg_updated_stations (stationid, brand, name, address, street, town, postcode, latitude, longitude, last_update) VALUES (%(stationid__0)s, %(brand__0)s, %(name__0)s, %(address__0)s, %(street__0)s, %(town__0)s, %(postcode__0)s, %(latitude__0)s, %(longitude__0)s, %(last_update__0)s), (%(stationid__1)s, %(brand__1)s, %(name__1)s, %(address__1)s, %(street__1)s, %(town__1)s, %(postcode__1)s, %(latitude__1)s, %(longitude__1)s, %(last_update__1)s)]
[parameters: {'town__0': 'Girraween', 'brand__0': 'Independent', 'longitude__0': 150.951879, 'address__0': '133-137 Targo, Girraween NSW 2145', 'postcode__0': '2145', 'name__0': 'Bravo Girraween', 'latitude__0': -33.79942, 'stationid__0': '1912', 'street__0': '133-137 Targo', 'last_update__0': '2026-03-03 10:53:47 AM', 'town__1': 'Cessnock', 'brand__1': 'Metro Fuel', 'longitude__1': 151.343011, 'address__1': '105 WOLLOMBI RD, CESSNOCK NSW 2325', 'postcode__1': '2325', 'name__1': 'Metro Petroleum CESSNOCK', 'latitude__1': -32.839355, 'stationid__1': '20206', 'street__1': '105 Wollombi Rd', 'last_update__1': '2026-03-03 10:53:47 AM'}]
(Background on this error at: https://sqlalche.me/e/20/gkpj)
2026-03-03 10:53:53 - INFO -      Module 3    - Config file updated
2026-03-03 10:53:53 - INFO -      Module 3    - pushing file to repo
2026-03-03 10:53:54 - INFO -      Module 3    - Successfully pushed config.json to repo
2026-03-03 10:53:54 - INFO -      Module 3    - Operation complete
2026-03-03 10:53:54 - INFO -   Orchestrator   - Finished modules/3.api_integration.py
2026-03-03 10:53:54 - INFO -   Orchestrator   - Starting modules/4.data_quality.py
2026-03-03 10:53:54 - INFO -      Module 4    - Running Data Quality Stored Procedure
2026-03-03 10:53:57 - INFO -      Module 4    - Operation complete
2026-03-03 10:53:57 - INFO -   Orchestrator   - Finished modules/4.data_quality.py
2026-03-03 10:53:57 - INFO -   Orchestrator   - Starting modules/5.data_update.py
2026-03-03 10:53:57 - INFO -      Module 5    - Running SQL Stored Procedures
2026-03-03 10:53:58 - INFO -      Module 5    - update_fuel_stations_active | INSERT | 3 rows
2026-03-03 10:53:58 - INFO -      Module 5    - update_fuel_stations_active | UPDATE | 2 rows
2026-03-03 10:54:08 - INFO -      Module 5    - update_fact_fuel | INSERT | 213369 rows
2026-03-03 10:54:08 - INFO -      Module 5    - update_fuel_stations_inactive | UPDATE | 590 rows
2026-03-03 10:54:08 - INFO -      Module 5    - Total price updates = 213369 rows
2026-03-03 10:54:08 - INFO -      Module 5    - Config file updated
2026-03-03 10:54:08 - INFO -      Module 5    - pushing file to repo
2026-03-03 10:54:09 - INFO -      Module 5    - Successfully pushed config.json to repo
2026-03-03 10:54:09 - INFO -      Module 5    - Operation complete
2026-03-03 10:54:09 - INFO -   Orchestrator   - Finished modules/5.data_update.py
2026-03-03 10:54:09 - INFO -   Orchestrator   - Starting modules/99.retention_policy.py
2026-03-03 10:54:09 - INFO - Retention Policy - Old workflow logs cleaned up and changes pushed.
2026-03-03 10:54:09 - INFO -   Orchestrator   - Finished modules/99.retention_policy.py
2026-03-03 10:54:09 - INFO -   Orchestrator   - Finished orchestrator
