2026-03-01 12:33:50 - INFO -   Orchestrator   - Starting orchestrator
2026-03-01 12:33:50 - INFO -   Orchestrator   - Starting modules/1.file_retrieval.py
2026-03-01 12:33:50 - INFO -      Module 1    - connecting to https://data.nsw.gov.au/data/dataset/fuel-check
2026-03-01 12:33:54 - INFO -      Module 1    - feb2026 file not yet available
2026-03-01 12:33:55 - INFO -   Orchestrator   - Conditions not met in modules/1.file_retrieval.py - Skipping Module
2026-03-01 12:33:55 - INFO -   Orchestrator   - Starting modules/2.transform_data.py
2026-03-01 12:33:55 - INFO -      Module 2    - jan2026 file has already been transformed
2026-03-01 12:33:55 - INFO -   Orchestrator   - Conditions not met in modules/2.transform_data.py - Skipping Module
2026-03-01 12:33:55 - INFO -   Orchestrator   - Starting modules/3.api_integration.py
2026-03-01 12:33:56 - INFO -      Module 3    - jan2026 station dictionary already up to date
2026-03-01 12:33:56 - INFO -   Orchestrator   - Conditions not met in modules/3.api_integration.py - Skipping Module
2026-03-01 12:33:56 - INFO -   Orchestrator   - Starting modules/4.data_quality.py
2026-03-01 12:33:56 - INFO -      Module 4    - jan2026 data is already updated in the database - Nothing to check
2026-03-01 12:33:56 - INFO -   Orchestrator   - Finished modules/4.data_quality.py
2026-03-01 12:33:56 - ERROR -   Orchestrator   - Module modules/4.data_quality.py failed with exit code 1
2026-03-01 12:33:56 - ERROR -   Orchestrator   - modules/4.data_quality.py errors before failure:
Traceback (most recent call last):
  File "/home/runner/work/NSW-Fuel-Price-Insights/NSW-Fuel-Price-Insights/modules/4.data_quality.py", line 85, in <module>
    sys.exit(10)
    ^^^
NameError: name 'sys' is not defined

