2026-03-01 12:31:35 - INFO -   Orchestrator   - Starting orchestrator
2026-03-01 12:31:35 - INFO -   Orchestrator   - Starting modules/1.file_retrieval.py
2026-03-01 12:31:35 - INFO -      Module 1    - connecting to https://data.nsw.gov.au/data/dataset/fuel-check
2026-03-01 12:31:39 - INFO -      Module 1    - feb2026 file not yet available
2026-03-01 12:31:39 - INFO -   Orchestrator   - Conditions not met in modules/1.file_retrieval.py - Skipping Module
2026-03-01 12:31:39 - INFO -   Orchestrator   - Starting modules/2.transform_data.py
2026-03-01 12:31:39 - INFO -      Module 2    - jan2026 file has already been transformed
2026-03-01 12:31:40 - INFO -   Orchestrator   - Conditions not met in modules/2.transform_data.py - Skipping Module
2026-03-01 12:31:40 - INFO -   Orchestrator   - Starting modules/3.api_integration.py
2026-03-01 12:31:40 - INFO -      Module 3    - jan2026 station dictionary already up to date
2026-03-01 12:31:40 - INFO -   Orchestrator   - Conditions not met in modules/3.api_integration.py - Skipping Module
2026-03-01 12:31:40 - INFO -   Orchestrator   - Starting modules/4.data_quality.py
2026-03-01 12:31:41 - INFO -      Module 4    - Running Data Quality Stored Procedure
2026-03-01 12:31:43 - WARNING -      Module 4    - check_data_quality | INC_05 | 6 rows
2026-03-01 12:31:43 - WARNING -      Module 4    - update_data_quality_autofix | INC_05 | 6 rows
2026-03-01 12:31:44 - INFO -      Module 4    - Operation complete
2026-03-01 12:31:44 - INFO -   Orchestrator   - Finished modules/4.data_quality.py
2026-03-01 12:31:44 - INFO -   Orchestrator   - Starting modules/5.data_update.py
2026-03-01 12:31:45 - INFO -      Module 5    - Running SQL Stored Procedures
2026-03-01 12:31:46 - INFO -      Module 5    - update_fuel_stations_active | INSERT | 23 rows
2026-03-01 12:31:46 - INFO -      Module 5    - update_fuel_stations_active | UPDATE | 8 rows
2026-03-01 12:31:52 - INFO -      Module 5    - update_fact_fuel | INSERT | 256774 rows
2026-03-01 12:31:52 - INFO -      Module 5    - update_fuel_stations_inactive | UPDATE | 17 rows
2026-03-01 12:31:52 - INFO -      Module 5    - Total price updates = 256774 rows
2026-03-01 12:31:53 - INFO -      Module 5    - Config file updated
2026-03-01 12:31:53 - INFO -      Module 5    - pushing file to repo
2026-03-01 12:31:53 - INFO -      Module 5    - Successfully pushed config.json to repo
2026-03-01 12:31:53 - INFO -      Module 5    - Operation complete
2026-03-01 12:31:53 - INFO -   Orchestrator   - Finished modules/5.data_update.py
2026-03-01 12:31:53 - INFO -   Orchestrator   - Starting modules/99.retention_policy.py
2026-03-01 12:31:54 - INFO - Retention Policy - Old workflow logs cleaned up and changes pushed.
2026-03-01 12:31:54 - INFO -   Orchestrator   - Finished modules/99.retention_policy.py
2026-03-01 12:31:54 - INFO -   Orchestrator   - Finished orchestrator
