2026-05-01 07:30:06 - INFO -   Orchestrator   - Starting orchestrator
2026-05-01 07:30:06 - INFO -   Orchestrator   - Starting modules/1.file_retrieval.py
2026-05-01 07:30:07 - INFO -      Module 1    - apr2026 data file already loaded
2026-05-01 07:30:07 - INFO -   Orchestrator   - Conditions not met in modules/1.file_retrieval.py - Skipping Module
2026-05-01 07:30:07 - INFO -   Orchestrator   - Starting modules/2.transform_data.py
2026-05-01 07:30:07 - INFO -      Module 2    - Starting Data Transformations
2026-05-01 07:30:07 - INFO -      Module 2    - Reading data and logs/fuelcheck_apr2026.csv
2026-05-01 07:30:08 - INFO -      Module 2    - df_fuel_data has 126651 rows
2026-05-01 07:30:21 - INFO -      Module 2    - Final output has 287294 rows
2026-05-01 07:30:21 - INFO -      Module 2    - Inserting values into database
2026-05-01 07:30:38 - INFO -      Module 2    - Config file updated
2026-05-01 07:30:38 - INFO -      Module 2    - pushing file to repo
2026-05-01 07:30:39 - INFO -      Module 2    - Successfully pushed config.json to repo
2026-05-01 07:30:39 - INFO -      Module 2    - Operation complete
2026-05-01 07:30:39 - INFO -   Orchestrator   - Finished modules/2.transform_data.py
2026-05-01 07:30:39 - INFO -   Orchestrator   - Starting modules/3.api_integration.py
2026-05-01 07:30:39 - INFO -      Module 3    - Pulling API Information
2026-05-01 07:30:43 - INFO -      Module 3    - Cleaning API Data
2026-05-01 07:30:43 - INFO -      Module 3    - Pulling Database Information
2026-05-01 07:30:44 - INFO -      Module 3    - Creating the datasets
2026-05-01 07:30:44 - INFO -      Module 3    - Comparing API dataset to dbo dataset
2026-05-01 07:30:44 - INFO -      Module 3    - Inserting data into the database
2026-05-01 07:30:44 - INFO -      Module 3    - Config file updated
2026-05-01 07:30:44 - INFO -      Module 3    - pushing file to repo
2026-05-01 07:30:45 - INFO -      Module 3    - Successfully pushed config.json to repo
2026-05-01 07:30:45 - INFO -      Module 3    - Operation complete
2026-05-01 07:30:45 - INFO -   Orchestrator   - Finished modules/3.api_integration.py
2026-05-01 07:30:45 - INFO -   Orchestrator   - Starting modules/4.data_quality.py
2026-05-01 07:30:45 - INFO -      Module 4    - Running Data Quality Stored Procedure
2026-05-01 07:30:47 - WARNING -      Module 4    - check_data_quality | MIS_02 | 3 rows
2026-05-01 07:30:47 - WARNING -      Module 4    - check_data_quality | INC_03 | 1 rows
2026-05-01 07:30:47 - WARNING -      Module 4    - check_data_quality | INC_04 | 1 rows
2026-05-01 07:30:47 - WARNING -      Module 4    - check_data_quality | PAR_01 | 1 rows
2026-05-01 07:30:47 - WARNING -      Module 4    - update_data_quality_autofix | INC_03 | 1 rows
2026-05-01 07:30:47 - WARNING -      Module 4    - update_data_quality_autofix | MIS_02 | 5 rows
2026-05-01 07:30:49 - WARNING -      Module 4    - check_data_quality | PAR_01 | 1 rows
2026-05-01 07:30:49 - WARNING -      Module 4    - check_data_quality | INC_05 | 2 rows
2026-05-01 07:30:49 - INFO -      Module 4    - Operation complete
2026-05-01 07:30:49 - INFO -   Orchestrator   - Finished modules/4.data_quality.py
2026-05-01 07:30:49 - INFO -   Orchestrator   - Starting modules/5.data_update.py
2026-05-01 07:30:49 - INFO -      Module 5    - Running SQL Stored Procedures
2026-05-01 07:30:49 - INFO -      Module 5    - update_fuel_stations_active | INSERT | 0 rows
2026-05-01 07:30:49 - INFO -      Module 5    - update_fuel_stations_active | UPDATE | 0 rows
2026-05-01 07:30:49 - INFO -      Module 5    - update_fact_fuel | INSERT | 0 rows
2026-05-01 07:30:49 - INFO -      Module 5    - update_fuel_stations_inactive | UPDATE | 0 rows
2026-05-01 07:30:49 - INFO -      Module 5    - Total price updates = 0 rows
2026-05-01 07:30:49 - INFO -      Module 5    - Operation complete
2026-05-01 07:30:49 - INFO -   Orchestrator   - Finished modules/5.data_update.py
2026-05-01 07:30:49 - INFO -   Orchestrator   - Starting modules/99.retention_policy.py
2026-05-01 07:30:49 - INFO - Retention Policy - Deleted old workflow log: data and logs/workflow_20260401_06h25.log
2026-05-01 07:30:49 - INFO - Retention Policy - Deleted old workflow log: data and logs/workflow_20260331_06h19.log
2026-05-01 07:30:49 - INFO - Retention Policy - Deleted old workflow log: data and logs/workflow_20260401_06h49.log
2026-05-01 07:30:50 - INFO - Retention Policy - Old workflow logs cleaned up and changes pushed.
2026-05-01 07:30:50 - INFO -   Orchestrator   - Finished modules/99.retention_policy.py
2026-05-01 07:30:50 - INFO -   Orchestrator   - Finished orchestrator
