2026-05-05 07:14:27 - INFO -   Orchestrator   - Starting orchestrator
2026-05-05 07:14:27 - INFO -   Orchestrator   - Starting modules/1.file_retrieval.py
2026-05-05 07:14:29 - INFO -      Module 1    - apr2026 data file already loaded
2026-05-05 07:14:29 - INFO -   Orchestrator   - Conditions not met in modules/1.file_retrieval.py - Skipping Module
2026-05-05 07:14:29 - INFO -   Orchestrator   - Starting modules/2.transform_data.py
2026-05-05 07:14:29 - INFO -      Module 2    - apr2026 file has already been transformed
2026-05-05 07:14:29 - INFO -   Orchestrator   - Conditions not met in modules/2.transform_data.py - Skipping Module
2026-05-05 07:14:29 - INFO -   Orchestrator   - Starting modules/3.api_integration.py
2026-05-05 07:14:30 - INFO -      Module 3    - apr2026 station dictionary already up to date
2026-05-05 07:14:30 - INFO -   Orchestrator   - Conditions not met in modules/3.api_integration.py - Skipping Module
2026-05-05 07:14:30 - INFO -   Orchestrator   - Starting modules/4.data_quality.py
2026-05-05 07:14:30 - INFO -      Module 4    - apr2026 data is already loaded to database
2026-05-05 07:14:30 - INFO -   Orchestrator   - Conditions not met in modules/4.data_quality.py - Skipping Module
2026-05-05 07:14:30 - INFO -   Orchestrator   - Starting modules/5.data_update.py
2026-05-05 07:14:31 - INFO -      Module 5    - apr2026 date is already updated in the database
2026-05-05 07:14:31 - INFO -   Orchestrator   - Conditions not met in modules/5.data_update.py - Skipping Module
2026-05-05 07:14:31 - INFO -   Orchestrator   - Starting modules/99.retention_policy.py
2026-05-05 07:14:31 - INFO - Retention Policy - Deleted old workflow log: data and logs/workflow_20260405_06h13.log
2026-05-05 07:14:32 - INFO - Retention Policy - Old workflow logs cleaned up and changes pushed.
2026-05-05 07:14:32 - INFO -   Orchestrator   - Finished modules/99.retention_policy.py
2026-05-05 07:14:32 - INFO -   Orchestrator   - Finished orchestrator
