2026-05-01 10:22:21 - INFO -   Orchestrator   - Starting orchestrator
2026-05-01 10:22:21 - INFO -   Orchestrator   - Starting modules/1.file_retrieval.py
2026-05-01 10:22:22 - INFO -      Module 1    - apr2026 data file already loaded
2026-05-01 10:22:22 - INFO -   Orchestrator   - Conditions not met in modules/1.file_retrieval.py - Skipping Module
2026-05-01 10:22:22 - INFO -   Orchestrator   - Starting modules/2.transform_data.py
2026-05-01 10:22:22 - INFO -      Module 2    - apr2026 file has already been transformed
2026-05-01 10:22:22 - INFO -   Orchestrator   - Conditions not met in modules/2.transform_data.py - Skipping Module
2026-05-01 10:22:22 - INFO -   Orchestrator   - Starting modules/3.api_integration.py
2026-05-01 10:22:23 - INFO -      Module 3    - Pulling API Information
2026-05-01 10:22:26 - INFO -      Module 3    - Cleaning API Data
2026-05-01 10:22:26 - INFO -      Module 3    - Pulling Database Information
2026-05-01 10:22:28 - INFO -   Orchestrator   - Finished modules/3.api_integration.py
2026-05-01 10:22:28 - ERROR -   Orchestrator   - Module modules/3.api_integration.py failed with exit code 1
2026-05-01 10:22:28 - ERROR -   Orchestrator   - modules/3.api_integration.py errors before failure:
Traceback (most recent call last):
  File "/opt/hostedtoolcache/Python/3.11.15/x64/lib/python3.11/site-packages/sqlalchemy/engine/base.py", line 1967, in _exec_single_context
    self.dialect.do_execute(
  File "/opt/hostedtoolcache/Python/3.11.15/x64/lib/python3.11/site-packages/sqlalchemy/engine/default.py", line 952, in do_execute
    cursor.execute(statement, parameters)
psycopg2.errors.SyntaxError: syntax error at or near "="
LINE 16:     active = True
                    ^


The above exception was the direct cause of the following exception:

Traceback (most recent call last):
  File "/opt/hostedtoolcache/Python/3.11.15/x64/lib/python3.11/site-packages/pandas/io/sql.py", line 1679, in execute
    return execute_function(sql, *args)
           ^^^^^^^^^^^^^^^^^^^^^^^^^^^^
  File "/opt/hostedtoolcache/Python/3.11.15/x64/lib/python3.11/site-packages/sqlalchemy/engine/base.py", line 1779, in exec_driver_sql
    ret = self._execute_context(
          ^^^^^^^^^^^^^^^^^^^^^^
  File "/opt/hostedtoolcache/Python/3.11.15/x64/lib/python3.11/site-packages/sqlalchemy/engine/base.py", line 1846, in _execute_context
    return self._exec_single_context(
           ^^^^^^^^^^^^^^^^^^^^^^^^^^
  File "/opt/hostedtoolcache/Python/3.11.15/x64/lib/python3.11/site-packages/sqlalchemy/engine/base.py", line 1986, in _exec_single_context
    self._handle_dbapi_exception(
  File "/opt/hostedtoolcache/Python/3.11.15/x64/lib/python3.11/site-packages/sqlalchemy/engine/base.py", line 2363, in _handle_dbapi_exception
    raise sqlalchemy_exception.with_traceback(exc_info[2]) from e
  File "/opt/hostedtoolcache/Python/3.11.15/x64/lib/python3.11/site-packages/sqlalchemy/engine/base.py", line 1967, in _exec_single_context
    self.dialect.do_execute(
  File "/opt/hostedtoolcache/Python/3.11.15/x64/lib/python3.11/site-packages/sqlalchemy/engine/default.py", line 952, in do_execute
    cursor.execute(statement, parameters)
sqlalchemy.exc.ProgrammingError: (psycopg2.errors.SyntaxError) syntax error at or near "="
LINE 16:     active = True
                    ^

[SQL: 
SELECT 
    stationid,
    brand,
    name, 
    address,
    street, 
    town, 
    postcode, 
    latitude, 
    longitude,
    last_update
FROM
    dim_fuel_stations
--WHERE 
    active = True
]
(Background on this error at: https://sqlalche.me/e/20/f405)

The above exception was the direct cause of the following exception:

Traceback (most recent call last):
  File "/home/runner/work/NSW-Fuel-Price-Insights/NSW-Fuel-Price-Insights/modules/3.api_integration.py", line 274, in <module>
    station_fuelcode_dbo = pd.read_sql(station_query, engine)
                           ^^^^^^^^^^^^^^^^^^^^^^^^^^^^^^^^^^
  File "/opt/hostedtoolcache/Python/3.11.15/x64/lib/python3.11/site-packages/pandas/io/sql.py", line 730, in read_sql
    return pandas_sql.read_query(
           ^^^^^^^^^^^^^^^^^^^^^^
  File "/opt/hostedtoolcache/Python/3.11.15/x64/lib/python3.11/site-packages/pandas/io/sql.py", line 1856, in read_query
    result = self.execute(sql, params)
             ^^^^^^^^^^^^^^^^^^^^^^^^^
  File "/opt/hostedtoolcache/Python/3.11.15/x64/lib/python3.11/site-packages/pandas/io/sql.py", line 1681, in execute
    raise DatabaseError(f"Execution failed on sql '{sql}': {exc}") from exc
pandas.errors.DatabaseError: Execution failed on sql '
SELECT 
    stationid,
    brand,
    name, 
    address,
    street, 
    town, 
    postcode, 
    latitude, 
    longitude,
    last_update
FROM
    dim_fuel_stations
--WHERE 
    active = True
': (psycopg2.errors.SyntaxError) syntax error at or near "="
LINE 16:     active = True
                    ^

[SQL: 
SELECT 
    stationid,
    brand,
    name, 
    address,
    street, 
    town, 
    postcode, 
    latitude, 
    longitude,
    last_update
FROM
    dim_fuel_stations
--WHERE 
    active = True
]
(Background on this error at: https://sqlalche.me/e/20/f405)

