2026-02-28 20:50:43 - INFO -   Orchestrator   - Starting orchestrator
2026-02-28 20:50:43 - INFO -   Orchestrator   - Starting modules/1.file_retrieval.py
2026-02-28 20:50:43 - INFO -      Module 1    - jan2026 data file already loaded
2026-02-28 20:50:43 - INFO -   Orchestrator   - Conditions not met in modules/1.file_retrieval.py - Skipping Module
2026-02-28 20:50:43 - INFO -   Orchestrator   - Starting modules/2.transform_data.py
2026-02-28 20:50:44 - INFO -      Module 2    - jan2026 file has already been transformed
2026-02-28 20:50:44 - INFO -   Orchestrator   - Conditions not met in modules/2.transform_data.py - Skipping Module
2026-02-28 20:50:44 - INFO -   Orchestrator   - Starting modules/3.api_integration.py
2026-02-28 20:50:44 - INFO -      Module 3    - Pulling API Information
2026-02-28 20:50:47 - INFO -      Module 3    - Cleaning API Data
2026-02-28 20:50:47 - INFO -      Module 3    - Pulling Database Information
2026-02-28 20:50:48 - INFO -      Module 3    - Creating the datasets
2026-02-28 20:50:48 - INFO -      Module 3    - Comparing API dataset to dbo dataset
2026-02-28 20:50:48 - INFO -      Module 3    - Inserting data into the database
2026-02-28 20:50:48 - INFO -      Module 3    - Config file updated
2026-02-28 20:50:48 - INFO -      Module 3    - pushing file to repo
2026-02-28 20:50:49 - INFO -      Module 3    - Successfully pushed config.json to repo
2026-02-28 20:50:49 - INFO -      Module 3    - Operation complete
2026-02-28 20:50:49 - INFO -   Orchestrator   - Finished modules/3.api_integration.py
2026-02-28 20:50:49 - INFO -   Orchestrator   - Starting modules/4.data_quality.py
2026-02-28 20:50:49 - INFO -      Module 4    - Running Data Quality Stored Procedure
2026-02-28 20:50:51 - WARNING -      Module 4    - defect_id MIS_02 has 1 rows
2026-02-28 20:50:51 - WARNING -      Module 4    - defect_id INC_01 has 2 rows
2026-02-28 20:50:51 - WARNING -      Module 4    - defect_id INC_03 has 4 rows
2026-02-28 20:50:51 - WARNING -      Module 4    - defect_id INC_04 has 4 rows
2026-02-28 20:50:51 - WARNING -      Module 4    - defect_id PAR_01 has 2 rows
2026-02-28 20:50:51 - WARNING -      Module 4    - defect_id INC_05 has 43 rows
2026-02-28 20:50:51 - INFO -      Module 4    - Running AUTOFIX Stored Procedure
2026-02-28 20:50:52 - WARNING -      Module 4    - Autofix INC_01 has 2 rows
2026-02-28 20:50:52 - WARNING -      Module 4    - Autofix INC_03 has 4 rows
2026-02-28 20:50:52 - WARNING -      Module 4    - Autofix INC_05 has 43 rows
2026-02-28 20:50:52 - WARNING -      Module 4    - Autofix MIS_02 has 1 rows
2026-02-28 20:50:52 - INFO -      Module 4    - Running Data Quality Stored Procedure
2026-02-28 20:50:53 - WARNING -      Module 4    - defect_id PAR_01 has 2 rows
2026-02-28 20:50:53 - WARNING -      Module 4    - defect_id INC_05 has 6 rows
2026-02-28 20:50:53 - INFO -      Module 4    - Operation complete
2026-02-28 20:50:53 - INFO -   Orchestrator   - Finished modules/4.data_quality.py
2026-02-28 20:50:53 - INFO -   Orchestrator   - Starting modules/5.data_update.py
2026-02-28 20:50:54 - INFO -      Module 5    - Running SQL Stored Procedures
2026-02-28 20:50:54 - INFO -      Module 5    - update_fuel_stations_active | INSERT | 0 rows
2026-02-28 20:50:54 - INFO -      Module 5    - update_fuel_stations_active | UPDATE | 0 rows
2026-02-28 20:50:54 - INFO -      Module 5    - update_fact_fuel | INSERT | 0 rows
2026-02-28 20:50:54 - INFO -      Module 5    - update_fuel_stations_inactive | UPDATE | 0 rows
2026-02-28 20:50:54 - INFO -      Module 5    - Total updates = 0 rows
2026-02-28 20:50:54 - INFO -      Module 5    - Operation complete
2026-02-28 20:50:55 - INFO -   Orchestrator   - Finished modules/5.data_update.py
2026-02-28 20:50:55 - INFO -   Orchestrator   - Starting modules/99.retention_policy.py
2026-02-28 20:50:55 - INFO - Retention Policy - Old workflow logs cleaned up and changes pushed.
2026-02-28 20:50:55 - INFO -   Orchestrator   - Finished modules/99.retention_policy.py
2026-02-28 20:50:55 - INFO -   Orchestrator   - Finished orchestrator
