2026-03-01 07:28:19 - INFO -   Orchestrator   - Starting orchestrator
2026-03-01 07:28:19 - INFO -   Orchestrator   - Starting modules/1.file_retrieval.py
2026-03-01 07:28:19 - INFO -      Module 1    - connecting to https://data.nsw.gov.au/data/dataset/fuel-check
2026-03-01 07:28:24 - INFO -      Module 1    - feb2026 file not yet available
2026-03-01 07:28:24 - INFO -   Orchestrator   - Conditions not met in modules/1.file_retrieval.py - Skipping Module
2026-03-01 07:28:24 - INFO -   Orchestrator   - Starting modules/2.transform_data.py
2026-03-01 07:28:24 - INFO -      Module 2    - jan2026 file has already been transformed
2026-03-01 07:28:24 - INFO -   Orchestrator   - Conditions not met in modules/2.transform_data.py - Skipping Module
2026-03-01 07:28:24 - INFO -   Orchestrator   - Starting modules/3.api_integration.py
2026-03-01 07:28:25 - INFO -      Module 3    - jan2026 station dictionary already up to date
2026-03-01 07:28:25 - INFO -   Orchestrator   - Conditions not met in modules/3.api_integration.py - Skipping Module
2026-03-01 07:28:25 - INFO -   Orchestrator   - Starting modules/4.data_quality.py
2026-03-01 07:28:25 - INFO -      Module 4    - Running Data Quality Stored Procedure
2026-03-01 07:29:25 - ERROR -   Orchestrator   - Unexpected error running modules/4.data_quality.py: Command '['python', 'modules/4.data_quality.py', '--log-file', 'data and logs/workflow_20260301_07h28.log']' timed out after 60 seconds
Traceback (most recent call last):
  File "/home/runner/work/NSW-Fuel-Price-Insights/NSW-Fuel-Price-Insights/orchestrator.py", line 72, in run_module
    result = subprocess.run(
             ^^^^^^^^^^^^^^^
  File "/opt/hostedtoolcache/Python/3.11.14/x64/lib/python3.11/subprocess.py", line 550, in run
    stdout, stderr = process.communicate(input, timeout=timeout)
                     ^^^^^^^^^^^^^^^^^^^^^^^^^^^^^^^^^^^^^^^^^^^
  File "/opt/hostedtoolcache/Python/3.11.14/x64/lib/python3.11/subprocess.py", line 1209, in communicate
    stdout, stderr = self._communicate(input, endtime, timeout)
                     ^^^^^^^^^^^^^^^^^^^^^^^^^^^^^^^^^^^^^^^^^^
  File "/opt/hostedtoolcache/Python/3.11.14/x64/lib/python3.11/subprocess.py", line 2116, in _communicate
    self._check_timeout(endtime, orig_timeout, stdout, stderr)
  File "/opt/hostedtoolcache/Python/3.11.14/x64/lib/python3.11/subprocess.py", line 1253, in _check_timeout
    raise TimeoutExpired(
subprocess.TimeoutExpired: Command '['python', 'modules/4.data_quality.py', '--log-file', 'data and logs/workflow_20260301_07h28.log']' timed out after 60 seconds
