2026-07-01 08:47:03 - INFO -   Orchestrator   - Starting orchestrator
2026-07-01 08:47:03 - INFO -   Orchestrator   - Starting modules/1.file_retrieval.py
2026-07-01 08:47:03 - INFO -      Module 1    - connecting to https://data.nsw.gov.au/data/dataset/fuel-check
2026-07-01 08:47:08 - INFO -      Module 1    - downloading file from server
2026-07-01 08:47:16 - INFO -      Module 1    - converting file to csv
2026-07-01 08:47:17 - INFO -      Module 1    - pushing file to repo
2026-07-01 08:47:19 - INFO -      Module 1    - Successfully pushed data and logs/fuelcheck_jun2026.csv to repo
2026-07-01 08:47:19 - INFO -      Module 1    - Config file updated
2026-07-01 08:47:19 - INFO -      Module 1    - pushing file to repo
2026-07-01 08:47:20 - INFO -      Module 1    - Successfully pushed config.json to repo
2026-07-01 08:47:20 - INFO -   Orchestrator   - Finished modules/1.file_retrieval.py
2026-07-01 08:47:20 - INFO -   Orchestrator   - Starting modules/2.transform_data.py
2026-07-01 08:47:21 - INFO -      Module 2    - Starting Data Transformations
2026-07-01 08:47:21 - INFO -      Module 2    - Reading data and logs/fuelcheck_jun2026.csv
2026-07-01 08:47:21 - INFO -      Module 2    - df_fuel_data has 103735 rows
2026-07-01 08:47:44 - INFO -      Module 2    - Final output has 285969 rows
2026-07-01 08:47:44 - INFO -      Module 2    - Inserting values into database
2026-07-01 08:47:54 - INFO -      Module 2    - Config file updated
2026-07-01 08:47:54 - INFO -      Module 2    - pushing file to repo
2026-07-01 08:47:55 - INFO -      Module 2    - Successfully pushed config.json to repo
2026-07-01 08:47:55 - INFO -      Module 2    - Operation complete
2026-07-01 08:47:55 - INFO -   Orchestrator   - Finished modules/2.transform_data.py
2026-07-01 08:47:55 - INFO -   Orchestrator   - Starting modules/3.api_integration.py
2026-07-01 08:47:55 - INFO -      Module 3    - Pulling API Information
2026-07-01 08:47:59 - INFO -      Module 3    - Cleaning API Data
2026-07-01 08:47:59 - INFO -      Module 3    - Pulling Database Information
2026-07-01 08:48:00 - INFO -      Module 3    - Creating the datasets
2026-07-01 08:48:00 - INFO -      Module 3    - Comparing API dataset to dbo dataset
2026-07-01 08:48:00 - INFO -      Module 3    - Inserting data into the database
2026-07-01 08:48:00 - INFO -      Module 3    - Config file updated
2026-07-01 08:48:00 - INFO -      Module 3    - pushing file to repo
2026-07-01 08:48:00 - INFO -      Module 3    - Successfully pushed config.json to repo
2026-07-01 08:48:00 - INFO -      Module 3    - Operation complete
2026-07-01 08:48:01 - INFO -   Orchestrator   - Finished modules/3.api_integration.py
2026-07-01 08:48:01 - INFO -   Orchestrator   - Starting modules/4.data_quality.py
2026-07-01 08:48:01 - INFO -      Module 4    - Running Data Quality Stored Procedure
2026-07-01 08:48:02 - WARNING -      Module 4    - check_data_quality | MIS_02 | 1 rows
2026-07-01 08:48:02 - WARNING -      Module 4    - check_data_quality | INC_04 | 1 rows
2026-07-01 08:48:02 - WARNING -      Module 4    - update_data_quality_autofix | MIS_02 | 1 rows
2026-07-01 08:48:03 - WARNING -      Module 4    - check_data_quality | INC_04 | 1 rows
2026-07-01 08:48:03 - INFO -      Module 4    - Operation complete
2026-07-01 08:48:03 - INFO -   Orchestrator   - Finished modules/4.data_quality.py
2026-07-01 08:48:03 - INFO -   Orchestrator   - Starting modules/5.data_update.py
2026-07-01 08:48:04 - INFO -      Module 5    - Running SQL Stored Procedures
2026-07-01 08:48:04 - INFO -      Module 5    - update_fuel_stations_active | INSERT | 0 rows
2026-07-01 08:48:04 - INFO -      Module 5    - update_fuel_stations_active | UPDATE | 0 rows
2026-07-01 08:48:04 - INFO -      Module 5    - update_fact_fuel | INSERT | 0 rows
2026-07-01 08:48:04 - INFO -      Module 5    - update_fuel_stations_inactive | UPDATE | 0 rows
2026-07-01 08:48:04 - INFO -      Module 5    - Total price updates = 0 rows
2026-07-01 08:48:04 - INFO -      Module 5    - Operation complete
2026-07-01 08:48:04 - INFO -   Orchestrator   - Finished modules/5.data_update.py
2026-07-01 08:48:04 - INFO -   Orchestrator   - Starting modules/99.retention_policy.py
2026-07-01 08:48:04 - INFO - Retention Policy - Deleted old workflow log: data and logs/workflow_20260601_10h15.log
2026-07-01 08:48:04 - INFO - Retention Policy - Deleted old workflow log: data and logs/workflow_20260601_10h28.log
2026-07-01 08:48:04 - INFO - Retention Policy - Deleted old workflow log: data and logs/workflow_20260531_08h19.log
2026-07-01 08:48:05 - INFO - Retention Policy - Old workflow logs cleaned up and changes pushed.
2026-07-01 08:48:05 - INFO -   Orchestrator   - Finished modules/99.retention_policy.py
2026-07-01 08:48:05 - INFO -   Orchestrator   - Finished orchestrator
