2026-03-01 12:36:03 - INFO -   Orchestrator   - Starting orchestrator
2026-03-01 12:36:03 - INFO -   Orchestrator   - Starting modules/1.file_retrieval.py
2026-03-01 12:36:04 - INFO -      Module 1    - connecting to https://data.nsw.gov.au/data/dataset/fuel-check
2026-03-01 12:36:09 - INFO -      Module 1    - feb2026 file not yet available
2026-03-01 12:36:09 - INFO -   Orchestrator   - Conditions not met in modules/1.file_retrieval.py - Skipping Module
2026-03-01 12:36:09 - INFO -   Orchestrator   - Starting modules/2.transform_data.py
2026-03-01 12:36:09 - INFO -      Module 2    - jan2026 file has already been transformed
2026-03-01 12:36:09 - INFO -   Orchestrator   - Conditions not met in modules/2.transform_data.py - Skipping Module
2026-03-01 12:36:09 - INFO -   Orchestrator   - Starting modules/3.api_integration.py
2026-03-01 12:36:10 - INFO -      Module 3    - jan2026 station dictionary already up to date
2026-03-01 12:36:10 - INFO -   Orchestrator   - Conditions not met in modules/3.api_integration.py - Skipping Module
2026-03-01 12:36:10 - INFO -   Orchestrator   - Starting modules/4.data_quality.py
2026-03-01 12:36:10 - INFO -      Module 4    - jan2026 data is already loaded to database
2026-03-01 12:36:10 - INFO -   Orchestrator   - Conditions not met in modules/4.data_quality.py - Skipping Module
2026-03-01 12:36:10 - INFO -   Orchestrator   - Starting modules/5.data_update.py
2026-03-01 12:36:11 - INFO -      Module 5    - jan2026 date is already updated in the database
2026-03-01 12:36:11 - INFO -   Orchestrator   - Conditions not met in modules/5.data_update.py - Skipping Module
2026-03-01 12:36:11 - INFO -   Orchestrator   - Starting modules/99.retention_policy.py
2026-03-01 12:36:11 - INFO - Retention Policy - Old workflow logs cleaned up and changes pushed.
2026-03-01 12:36:11 - INFO -   Orchestrator   - Finished modules/99.retention_policy.py
2026-03-01 12:36:11 - INFO -   Orchestrator   - Finished orchestrator
