2026-04-16 06:59:32 - INFO -   Orchestrator   - Starting orchestrator
2026-04-16 06:59:32 - INFO -   Orchestrator   - Starting modules/1.file_retrieval.py
2026-04-16 06:59:32 - INFO -      Module 1    - connecting to https://data.nsw.gov.au/data/dataset/fuel-check
2026-04-16 06:59:39 - INFO -      Module 1    - downloading file from server
2026-04-16 06:59:44 - INFO -      Module 1    - converting file to csv
2026-04-16 06:59:45 - INFO -      Module 1    - pushing file to repo
2026-04-16 06:59:47 - INFO -      Module 1    - Successfully pushed data and logs/fuelcheck_mar2026.csv to repo
2026-04-16 06:59:47 - INFO -      Module 1    - Config file updated
2026-04-16 06:59:47 - INFO -      Module 1    - pushing file to repo
2026-04-16 06:59:48 - INFO -      Module 1    - Successfully pushed config.json to repo
2026-04-16 06:59:48 - INFO -   Orchestrator   - Finished modules/1.file_retrieval.py
2026-04-16 06:59:48 - INFO -   Orchestrator   - Starting modules/2.transform_data.py
2026-04-16 06:59:48 - INFO -      Module 2    - Starting Data Transformations
2026-04-16 06:59:48 - INFO -      Module 2    - Reading data and logs/fuelcheck_mar2026.csv
2026-04-16 06:59:49 - INFO -      Module 2    - df_fuel_data has 147137 rows
2026-04-16 07:00:19 - INFO -      Module 2    - Final output has 293249 rows
2026-04-16 07:00:19 - INFO -      Module 2    - Inserting values into database
2026-04-16 07:00:34 - INFO -      Module 2    - Config file updated
2026-04-16 07:00:34 - INFO -      Module 2    - pushing file to repo
2026-04-16 07:00:34 - INFO -      Module 2    - Successfully pushed config.json to repo
2026-04-16 07:00:34 - INFO -      Module 2    - Operation complete
2026-04-16 07:00:34 - INFO -   Orchestrator   - Finished modules/2.transform_data.py
2026-04-16 07:00:34 - INFO -   Orchestrator   - Starting modules/3.api_integration.py
2026-04-16 07:00:35 - INFO -      Module 3    - Pulling API Information
2026-04-16 07:00:38 - INFO -      Module 3    - Cleaning API Data
2026-04-16 07:00:38 - INFO -      Module 3    - Pulling Database Information
2026-04-16 07:00:38 - INFO -      Module 3    - Creating the datasets
2026-04-16 07:00:38 - INFO -      Module 3    - Comparing API dataset to dbo dataset
2026-04-16 07:00:38 - INFO -      Module 3    - Inserting data into the database
2026-04-16 07:00:39 - INFO -      Module 3    - Config file updated
2026-04-16 07:00:39 - INFO -      Module 3    - pushing file to repo
2026-04-16 07:00:39 - INFO -      Module 3    - Successfully pushed config.json to repo
2026-04-16 07:00:39 - INFO -      Module 3    - Operation complete
2026-04-16 07:00:39 - INFO -   Orchestrator   - Finished modules/3.api_integration.py
2026-04-16 07:00:39 - INFO -   Orchestrator   - Starting modules/4.data_quality.py
2026-04-16 07:00:40 - INFO -      Module 4    - Running Data Quality Stored Procedure
2026-04-16 07:00:41 - WARNING -      Module 4    - check_data_quality | MIS_02 | 1 rows
2026-04-16 07:00:41 - WARNING -      Module 4    - check_data_quality | INC_03 | 3 rows
2026-04-16 07:00:41 - WARNING -      Module 4    - check_data_quality | INC_04 | 3 rows
2026-04-16 07:00:41 - WARNING -      Module 4    - check_data_quality | PAR_01 | 2 rows
2026-04-16 07:00:41 - WARNING -      Module 4    - update_data_quality_autofix | INC_03 | 3 rows
2026-04-16 07:00:41 - WARNING -      Module 4    - update_data_quality_autofix | MIS_02 | 1 rows
2026-04-16 07:00:43 - WARNING -      Module 4    - check_data_quality | PAR_01 | 2 rows
2026-04-16 07:00:43 - INFO -      Module 4    - Operation complete
2026-04-16 07:00:43 - INFO -   Orchestrator   - Finished modules/4.data_quality.py
2026-04-16 07:00:43 - INFO -   Orchestrator   - Starting modules/5.data_update.py
2026-04-16 07:00:44 - INFO -      Module 5    - Running SQL Stored Procedures
2026-04-16 07:00:44 - INFO -      Module 5    - update_fuel_stations_active | INSERT | 0 rows
2026-04-16 07:00:44 - INFO -      Module 5    - update_fuel_stations_active | UPDATE | 0 rows
2026-04-16 07:00:44 - INFO -      Module 5    - update_fact_fuel | INSERT | 0 rows
2026-04-16 07:00:44 - INFO -      Module 5    - update_fuel_stations_inactive | UPDATE | 0 rows
2026-04-16 07:00:44 - INFO -      Module 5    - Total price updates = 0 rows
2026-04-16 07:00:44 - INFO -      Module 5    - Operation complete
2026-04-16 07:00:44 - INFO -   Orchestrator   - Finished modules/5.data_update.py
2026-04-16 07:00:44 - INFO -   Orchestrator   - Starting modules/99.retention_policy.py
2026-04-16 07:00:44 - INFO - Retention Policy - Old workflow logs cleaned up and changes pushed.
2026-04-16 07:00:44 - INFO -   Orchestrator   - Finished modules/99.retention_policy.py
2026-04-16 07:00:44 - INFO -   Orchestrator   - Finished orchestrator
