2026-02-28 18:31:52 - INFO -   Orchestrator   - Starting orchestrator
2026-02-28 18:31:52 - INFO -   Orchestrator   - Starting modules/1.file_retrieval.py
2026-02-28 18:31:53 - INFO -      Module 1    - jan2026 data file already loaded
2026-02-28 18:31:53 - INFO -   Orchestrator   - Conditions not met in modules/1.file_retrieval.py - Skipping Module
2026-02-28 18:31:53 - INFO -   Orchestrator   - Starting modules/2.transform_data.py
2026-02-28 18:31:53 - INFO -      Module 2    - jan2026 file has already been transformed
2026-02-28 18:31:53 - INFO -   Orchestrator   - Conditions not met in modules/2.transform_data.py - Skipping Module
2026-02-28 18:31:53 - INFO -   Orchestrator   - Starting modules/3.api_integration.py
2026-02-28 18:31:54 - INFO -      Module 3    - Pulling API Information
2026-02-28 18:31:58 - INFO -      Module 3    - Cleaning API Data
2026-02-28 18:31:58 - INFO -      Module 3    - Pulling Database Information
2026-02-28 18:31:58 - INFO -      Module 3    - Creating the datasets
2026-02-28 18:31:58 - INFO -      Module 3    - Comparing API dataset to dbo dataset
2026-02-28 18:31:58 - INFO -      Module 3    - Inserting data into the database
2026-02-28 18:31:58 - INFO -      Module 3    - Config file updated
2026-02-28 18:31:58 - INFO -      Module 3    - pushing file to repo
2026-02-28 18:31:58 - INFO -      Module 3    - Successfully pushed config.json to repo
2026-02-28 18:31:58 - INFO -      Module 3    - Operation complete
2026-02-28 18:31:59 - INFO -   Orchestrator   - Finished modules/3.api_integration.py
2026-02-28 18:31:59 - INFO -   Orchestrator   - Starting modules/4.data_quality.py
2026-02-28 18:31:59 - INFO -      Module 4    - Running SQL Stored Procedure
2026-02-28 18:32:01 - WARNING -      Module 4    - defect_id MIS_02 has 1 rows
2026-02-28 18:32:01 - WARNING -      Module 4    - defect_id INT_01 has 2 rows
2026-02-28 18:32:01 - WARNING -      Module 4    - defect_id INT_03 has 8 rows
2026-02-28 18:32:01 - WARNING -      Module 4    - defect_id INT_04 has 4 rows
2026-02-28 18:32:01 - WARNING -      Module 4    - defect_id PAR_01 has 2 rows
2026-02-28 18:32:01 - WARNING -      Module 4    - defect_id INC_01 has 43 rows
2026-02-28 18:32:01 - INFO -      Module 4    - Operation complete
2026-02-28 18:32:01 - INFO -   Orchestrator   - Finished modules/4.data_quality.py
2026-02-28 18:32:01 - INFO -   Orchestrator   - Starting modules/5.data_update.py
2026-02-28 18:32:01 - INFO -      Module 5    - Running SQL Stored Procedures
2026-02-28 18:32:02 - INFO -      Module 5    - update_fuel_stations_active | INSERT | 0 rows
2026-02-28 18:32:02 - INFO -      Module 5    - update_fuel_stations_active | UPDATE | 0 rows
2026-02-28 18:32:02 - INFO -      Module 5    - update_fact_fuel | INSERT | 0 rows
2026-02-28 18:32:02 - INFO -      Module 5    - update_fuel_stations_inactive | UPDATE | 0 rows
2026-02-28 18:32:02 - INFO -      Module 5    - Total updates = 0 rows
2026-02-28 18:32:02 - INFO -      Module 5    - Operation complete
2026-02-28 18:32:02 - INFO -   Orchestrator   - Finished modules/5.data_update.py
2026-02-28 18:32:02 - INFO -   Orchestrator   - Starting modules/99.retention_policy.py
2026-02-28 18:32:02 - INFO - Retention Policy - Old workflow logs cleaned up and changes pushed.
2026-02-28 18:32:02 - INFO -   Orchestrator   - Finished modules/99.retention_policy.py
2026-02-28 18:32:02 - INFO -   Orchestrator   - Finished orchestrator
