2026-09-04 09:17:40 - INFO -   Orchestrator   - Starting orchestrator
2026-09-04 09:17:40 - INFO -   Orchestrator   - Starting modules/1.file_retrieval.py
2026-09-04 09:17:41 - INFO -      Module 1    - aug2026 data file already loaded
2026-09-04 09:17:41 - INFO -   Orchestrator   - Conditions not met in modules/1.file_retrieval.py - Skipping Module
2026-09-04 09:17:41 - INFO -   Orchestrator   - Starting modules/2.transform_data.py
2026-09-04 09:17:41 - INFO -      Module 2    - aug2026 file has already been transformed
2026-09-04 09:17:41 - INFO -   Orchestrator   - Conditions not met in modules/2.transform_data.py - Skipping Module
2026-09-04 09:17:41 - INFO -   Orchestrator   - Starting modules/3.api_integration.py
2026-09-04 09:17:42 - INFO -      Module 3    - aug2026 station dictionary already up to date
2026-09-04 09:17:42 - INFO -   Orchestrator   - Conditions not met in modules/3.api_integration.py - Skipping Module
2026-09-04 09:17:42 - INFO -   Orchestrator   - Starting modules/4.data_quality.py
2026-09-04 09:17:42 - INFO -      Module 4    - aug2026 data is already loaded to database
2026-09-04 09:17:42 - INFO -   Orchestrator   - Conditions not met in modules/4.data_quality.py - Skipping Module
2026-09-04 09:17:42 - INFO -   Orchestrator   - Starting modules/5.data_update.py
2026-09-04 09:17:43 - INFO -      Module 5    - aug2026 date is already updated in the database
2026-09-04 09:17:43 - INFO -   Orchestrator   - Conditions not met in modules/5.data_update.py - Skipping Module
2026-09-04 09:17:43 - INFO -   Orchestrator   - Starting modules/99.retention_policy.py
2026-09-04 09:17:43 - INFO - Retention Policy - Deleted old workflow log: data and logs/workflow_20260805_07h35.log
2026-09-04 09:17:45 - INFO - Retention Policy - Old workflow logs cleaned up and changes pushed.
2026-09-04 09:17:45 - INFO -   Orchestrator   - Finished modules/99.retention_policy.py
2026-09-04 09:17:45 - INFO -   Orchestrator   - Finished orchestrator
