2026-03-01 07:52:44 - INFO -   Orchestrator   - Starting orchestrator
2026-03-01 07:52:44 - INFO -   Orchestrator   - Starting modules/1.file_retrieval.py
2026-03-01 07:52:45 - INFO -      Module 1    - connecting to https://data.nsw.gov.au/data/dataset/fuel-check
2026-03-01 07:52:48 - INFO -      Module 1    - feb2026 file not yet available
2026-03-01 07:52:48 - INFO -   Orchestrator   - Conditions not met in modules/1.file_retrieval.py - Skipping Module
2026-03-01 07:52:48 - INFO -   Orchestrator   - Starting modules/2.transform_data.py
2026-03-01 07:52:49 - INFO -      Module 2    - jan2026 file has already been transformed
2026-03-01 07:52:49 - INFO -   Orchestrator   - Conditions not met in modules/2.transform_data.py - Skipping Module
2026-03-01 07:52:49 - INFO -   Orchestrator   - Starting modules/3.api_integration.py
2026-03-01 07:52:49 - INFO -      Module 3    - jan2026 station dictionary already up to date
2026-03-01 07:52:50 - INFO -   Orchestrator   - Conditions not met in modules/3.api_integration.py - Skipping Module
2026-03-01 07:52:50 - INFO -   Orchestrator   - Starting modules/4.data_quality.py
2026-03-01 07:52:50 - INFO -      Module 4    - Running Data Quality Stored Procedure
2026-03-01 07:52:52 - WARNING -      Module 4    - dq_id MIS_02 has 1 rows
2026-03-01 07:52:52 - WARNING -      Module 4    - dq_id INC_03 has 4 rows
2026-03-01 07:52:52 - WARNING -      Module 4    - dq_id INC_04 has 4 rows
2026-03-01 07:52:52 - WARNING -      Module 4    - dq_id PAR_01 has 2 rows
2026-03-01 07:52:52 - WARNING -      Module 4    - dq_id INC_05 has 43 rows
2026-03-01 07:52:52 - INFO -      Module 4    - Running AUTOFIX Stored Procedure
2026-03-01 07:52:53 - INFO -      Module 4    - Autofix INC_03 has 4 rows
2026-03-01 07:52:53 - INFO -      Module 4    - Autofix INC_05 has 43 rows
2026-03-01 07:52:53 - INFO -      Module 4    - Autofix MIS_02 has 1 rows
2026-03-01 07:52:53 - INFO -      Module 4    - Running Data Quality Stored Procedure
2026-03-01 07:52:54 - WARNING -      Module 4    - dq_id PAR_01 has 2 rows
2026-03-01 07:52:54 - WARNING -      Module 4    - dq_id INC_05 has 6 rows
2026-03-01 07:52:54 - INFO -      Module 4    - Operation complete
2026-03-01 07:52:54 - INFO -   Orchestrator   - Finished modules/4.data_quality.py
2026-03-01 07:52:54 - INFO -   Orchestrator   - Starting modules/5.data_update.py
2026-03-01 07:52:55 - INFO -      Module 5    - Running SQL Stored Procedures
2026-03-01 07:52:56 - INFO -      Module 5    - update_fuel_stations_active | INSERT | 0 rows
2026-03-01 07:52:56 - INFO -      Module 5    - update_fuel_stations_active | UPDATE | 0 rows
2026-03-01 07:52:56 - INFO -      Module 5    - update_fact_fuel | INSERT | 0 rows
2026-03-01 07:52:57 - INFO -      Module 5    - update_fuel_stations_inactive | UPDATE | 0 rows
2026-03-01 07:52:57 - INFO -      Module 5    - Total updates = 0 rows
2026-03-01 07:52:57 - INFO -      Module 5    - Operation complete
2026-03-01 07:52:57 - INFO -   Orchestrator   - Finished modules/5.data_update.py
2026-03-01 07:52:57 - INFO -   Orchestrator   - Starting modules/99.retention_policy.py
2026-03-01 07:52:57 - INFO - Retention Policy - Old workflow logs cleaned up and changes pushed.
2026-03-01 07:52:57 - INFO -   Orchestrator   - Finished modules/99.retention_policy.py
2026-03-01 07:52:57 - INFO -   Orchestrator   - Finished orchestrator
