2026-06-01 10:15:35 - INFO -   Orchestrator   - Starting orchestrator
2026-06-01 10:15:35 - INFO -   Orchestrator   - Starting modules/1.file_retrieval.py
2026-06-01 10:15:36 - INFO -      Module 1    - connecting to https://data.nsw.gov.au/data/dataset/fuel-check
2026-06-01 10:15:42 - INFO -      Module 1    - downloading file from server
2026-06-01 10:15:50 - INFO -      Module 1    - converting file to csv
2026-06-01 10:15:50 - INFO -      Module 1    - pushing file to repo
2026-06-01 10:15:53 - INFO -      Module 1    - Successfully pushed data and logs/fuelcheck_may2026.csv to repo
2026-06-01 10:15:53 - INFO -      Module 1    - Config file updated
2026-06-01 10:15:53 - INFO -      Module 1    - pushing file to repo
2026-06-01 10:15:54 - INFO -      Module 1    - Successfully pushed config.json to repo
2026-06-01 10:15:55 - INFO -   Orchestrator   - Finished modules/1.file_retrieval.py
2026-06-01 10:15:55 - INFO -   Orchestrator   - Starting modules/2.transform_data.py
2026-06-01 10:15:55 - INFO -      Module 2    - Starting Data Transformations
2026-06-01 10:15:55 - INFO -      Module 2    - Reading data and logs/fuelcheck_may2026.csv
2026-06-01 10:15:55 - INFO -      Module 2    - df_fuel_data has 76567 rows
2026-06-01 10:16:10 - INFO -      Module 2    - Final output has 291291 rows
2026-06-01 10:16:10 - INFO -      Module 2    - Inserting values into database
2026-06-01 10:16:37 - INFO -      Module 2    - Config file updated
2026-06-01 10:16:37 - INFO -      Module 2    - pushing file to repo
2026-06-01 10:16:38 - INFO -      Module 2    - Successfully pushed config.json to repo
2026-06-01 10:16:38 - INFO -      Module 2    - Operation complete
2026-06-01 10:16:38 - INFO -   Orchestrator   - Finished modules/2.transform_data.py
2026-06-01 10:16:38 - INFO -   Orchestrator   - Starting modules/3.api_integration.py
2026-06-01 10:16:39 - INFO -      Module 3    - Pulling API Information
2026-06-01 10:16:42 - INFO -      Module 3    - Cleaning API Data
2026-06-01 10:16:42 - INFO -      Module 3    - Pulling Database Information
2026-06-01 10:16:44 - INFO -      Module 3    - Creating the datasets
2026-06-01 10:16:44 - INFO -      Module 3    - Comparing API dataset to dbo dataset
2026-06-01 10:16:44 - INFO -      Module 3    - Inserting data into the database
2026-06-01 10:16:44 - INFO -      Module 3    - Config file updated
2026-06-01 10:16:44 - INFO -      Module 3    - pushing file to repo
2026-06-01 10:16:45 - INFO -      Module 3    - Successfully pushed config.json to repo
2026-06-01 10:16:45 - INFO -      Module 3    - Operation complete
2026-06-01 10:16:45 - INFO -   Orchestrator   - Finished modules/3.api_integration.py
2026-06-01 10:16:45 - INFO -   Orchestrator   - Starting modules/4.data_quality.py
2026-06-01 10:16:46 - INFO -      Module 4    - Running Data Quality Stored Procedure
2026-06-01 10:16:48 - WARNING -      Module 4    - check_data_quality | MIS_02 | 1 rows
2026-06-01 10:16:48 - WARNING -      Module 4    - check_data_quality | INC_01 | 2 rows
2026-06-01 10:16:48 - WARNING -      Module 4    - check_data_quality | INC_02 | 2 rows
2026-06-01 10:16:48 - WARNING -      Module 4    - check_data_quality | PAR_02 | 19 rows
2026-06-01 10:16:48 - WARNING -      Module 4    - update_data_quality_autofix | INC_01 | 1 rows
2026-06-01 10:16:48 - WARNING -      Module 4    - update_data_quality_autofix | MIS_02 | 1 rows
2026-06-01 10:16:50 - WARNING -      Module 4    - check_data_quality | INC_01 | 1 rows
2026-06-01 10:16:50 - WARNING -      Module 4    - check_data_quality | INC_02 | 2 rows
2026-06-01 10:16:50 - WARNING -      Module 4    - check_data_quality | PAR_02 | 19 rows
2026-06-01 10:16:50 - INFO -      Module 4    - Operation complete
2026-06-01 10:16:50 - INFO -   Orchestrator   - Finished modules/4.data_quality.py
2026-06-01 10:16:50 - INFO -   Orchestrator   - Starting modules/5.data_update.py
2026-06-01 10:16:50 - INFO -      Module 5    - Running SQL Stored Procedures
2026-06-01 10:16:51 - INFO -      Module 5    - update_fuel_stations_active | INSERT | 0 rows
2026-06-01 10:16:51 - INFO -      Module 5    - update_fuel_stations_active | UPDATE | 0 rows
2026-06-01 10:16:51 - INFO -      Module 5    - update_fact_fuel | INSERT | 0 rows
2026-06-01 10:16:52 - INFO -      Module 5    - update_fuel_stations_inactive | UPDATE | 0 rows
2026-06-01 10:16:52 - INFO -      Module 5    - Total price updates = 0 rows
2026-06-01 10:16:52 - INFO -      Module 5    - Operation complete
2026-06-01 10:16:52 - INFO -   Orchestrator   - Finished modules/5.data_update.py
2026-06-01 10:16:52 - INFO -   Orchestrator   - Starting modules/99.retention_policy.py
2026-06-01 10:16:52 - INFO - Retention Policy - Deleted old workflow log: data and logs/workflow_20260502_06h59.log
2026-06-01 10:16:53 - INFO - Retention Policy - Old workflow logs cleaned up and changes pushed.
2026-06-01 10:16:53 - INFO -   Orchestrator   - Finished modules/99.retention_policy.py
2026-06-01 10:16:53 - INFO -   Orchestrator   - Finished orchestrator
