2026-04-26 07:01:16 - INFO -   Orchestrator   - Starting orchestrator
2026-04-26 07:01:16 - INFO -   Orchestrator   - Starting modules/1.file_retrieval.py
2026-04-26 07:01:17 - INFO -      Module 1    - mar2026 data file already loaded
2026-04-26 07:01:17 - INFO -   Orchestrator   - Conditions not met in modules/1.file_retrieval.py - Skipping Module
2026-04-26 07:01:17 - INFO -   Orchestrator   - Starting modules/2.transform_data.py
2026-04-26 07:01:17 - INFO -      Module 2    - mar2026 file has already been transformed
2026-04-26 07:01:18 - INFO -   Orchestrator   - Conditions not met in modules/2.transform_data.py - Skipping Module
2026-04-26 07:01:18 - INFO -   Orchestrator   - Starting modules/3.api_integration.py
2026-04-26 07:01:18 - INFO -      Module 3    - mar2026 station dictionary already up to date
2026-04-26 07:01:18 - INFO -   Orchestrator   - Conditions not met in modules/3.api_integration.py - Skipping Module
2026-04-26 07:01:18 - INFO -   Orchestrator   - Starting modules/4.data_quality.py
2026-04-26 07:01:18 - INFO -      Module 4    - mar2026 data is already loaded to database
2026-04-26 07:01:19 - INFO -   Orchestrator   - Conditions not met in modules/4.data_quality.py - Skipping Module
2026-04-26 07:01:19 - INFO -   Orchestrator   - Starting modules/5.data_update.py
2026-04-26 07:01:19 - INFO -      Module 5    - mar2026 date is already updated in the database
2026-04-26 07:01:19 - INFO -   Orchestrator   - Conditions not met in modules/5.data_update.py - Skipping Module
2026-04-26 07:01:19 - INFO -   Orchestrator   - Starting modules/99.retention_policy.py
2026-04-26 07:01:20 - INFO - Retention Policy - Old workflow logs cleaned up and changes pushed.
2026-04-26 07:01:20 - INFO -   Orchestrator   - Finished modules/99.retention_policy.py
2026-04-26 07:01:20 - INFO -   Orchestrator   - Finished orchestrator
