2026-07-01 13:39:37 - INFO -   Orchestrator   - Starting orchestrator
2026-07-01 13:39:37 - INFO -   Orchestrator   - Starting modules/1.file_retrieval.py
2026-07-01 13:39:38 - INFO -      Module 1    - jun2026 data file already loaded
2026-07-01 13:39:38 - INFO -   Orchestrator   - Conditions not met in modules/1.file_retrieval.py - Skipping Module
2026-07-01 13:39:38 - INFO -   Orchestrator   - Starting modules/2.transform_data.py
2026-07-01 13:39:38 - INFO -      Module 2    - jun2026 file has already been transformed
2026-07-01 13:39:38 - INFO -   Orchestrator   - Conditions not met in modules/2.transform_data.py - Skipping Module
2026-07-01 13:39:38 - INFO -   Orchestrator   - Starting modules/3.api_integration.py
2026-07-01 13:39:39 - INFO -      Module 3    - jun2026 station dictionary already up to date
2026-07-01 13:39:39 - INFO -   Orchestrator   - Conditions not met in modules/3.api_integration.py - Skipping Module
2026-07-01 13:39:39 - INFO -   Orchestrator   - Starting modules/4.data_quality.py
2026-07-01 13:39:39 - INFO -      Module 4    - Running Data Quality Stored Procedure
2026-07-01 13:39:41 - WARNING -      Module 4    - check_data_quality | INC_04 | 1 rows
2026-07-01 13:39:42 - WARNING -      Module 4    - check_data_quality | INC_04 | 1 rows
2026-07-01 13:39:42 - INFO -      Module 4    - Operation complete
2026-07-01 13:39:42 - INFO -   Orchestrator   - Finished modules/4.data_quality.py
2026-07-01 13:39:42 - INFO -   Orchestrator   - Starting modules/5.data_update.py
2026-07-01 13:39:43 - INFO -      Module 5    - Running SQL Stored Procedures
2026-07-01 13:39:43 - INFO -      Module 5    - update_fuel_stations_active | INSERT | 0 rows
2026-07-01 13:39:43 - INFO -      Module 5    - update_fuel_stations_active | UPDATE | 0 rows
2026-07-01 13:39:43 - INFO -      Module 5    - update_fact_fuel | INSERT | 0 rows
2026-07-01 13:39:43 - INFO -      Module 5    - update_fuel_stations_inactive | UPDATE | 0 rows
2026-07-01 13:39:44 - INFO -      Module 5    - Total price updates = 0 rows
2026-07-01 13:39:44 - INFO -      Module 5    - Operation complete
2026-07-01 13:39:44 - INFO -   Orchestrator   - Finished modules/5.data_update.py
2026-07-01 13:39:44 - INFO -   Orchestrator   - Starting modules/99.retention_policy.py
2026-07-01 13:39:44 - INFO - Retention Policy - Old workflow logs cleaned up and changes pushed.
2026-07-01 13:39:44 - INFO -   Orchestrator   - Finished modules/99.retention_policy.py
2026-07-01 13:39:44 - INFO -   Orchestrator   - Finished orchestrator
