2026-04-21 07:00:33 - INFO -   Orchestrator   - Starting orchestrator
2026-04-21 07:00:33 - INFO -   Orchestrator   - Starting modules/1.file_retrieval.py
2026-04-21 07:00:34 - INFO -      Module 1    - mar2026 data file already loaded
2026-04-21 07:00:34 - INFO -   Orchestrator   - Conditions not met in modules/1.file_retrieval.py - Skipping Module
2026-04-21 07:00:34 - INFO -   Orchestrator   - Starting modules/2.transform_data.py
2026-04-21 07:00:34 - INFO -      Module 2    - mar2026 file has already been transformed
2026-04-21 07:00:34 - INFO -   Orchestrator   - Conditions not met in modules/2.transform_data.py - Skipping Module
2026-04-21 07:00:34 - INFO -   Orchestrator   - Starting modules/3.api_integration.py
2026-04-21 07:00:35 - INFO -      Module 3    - mar2026 station dictionary already up to date
2026-04-21 07:00:35 - INFO -   Orchestrator   - Conditions not met in modules/3.api_integration.py - Skipping Module
2026-04-21 07:00:35 - INFO -   Orchestrator   - Starting modules/4.data_quality.py
2026-04-21 07:00:35 - INFO -      Module 4    - Running Data Quality Stored Procedure
2026-04-21 07:00:59 - INFO -      Module 4    - Operation complete
2026-04-21 07:00:59 - INFO -   Orchestrator   - Finished modules/4.data_quality.py
2026-04-21 07:00:59 - INFO -   Orchestrator   - Starting modules/5.data_update.py
2026-04-21 07:00:59 - INFO -      Module 5    - Running SQL Stored Procedures
2026-04-21 07:01:00 - INFO -      Module 5    - update_fuel_stations_active | INSERT | 30 rows
2026-04-21 07:01:00 - INFO -      Module 5    - update_fuel_stations_active | UPDATE | 8 rows
2026-04-21 07:01:15 - INFO -      Module 5    - update_fact_fuel | INSERT | 293249 rows
2026-04-21 07:01:15 - INFO -      Module 5    - update_fuel_stations_inactive | UPDATE | 649 rows
2026-04-21 07:01:15 - INFO -      Module 5    - Total price updates = 293249 rows
2026-04-21 07:01:15 - INFO -      Module 5    - Config file updated
2026-04-21 07:01:15 - INFO -      Module 5    - pushing file to repo
2026-04-21 07:01:16 - INFO -      Module 5    - Successfully pushed config.json to repo
2026-04-21 07:01:16 - INFO -      Module 5    - Operation complete
2026-04-21 07:01:16 - INFO -   Orchestrator   - Finished modules/5.data_update.py
2026-04-21 07:01:16 - INFO -   Orchestrator   - Starting modules/99.retention_policy.py
2026-04-21 07:01:17 - INFO - Retention Policy - Old workflow logs cleaned up and changes pushed.
2026-04-21 07:01:17 - INFO -   Orchestrator   - Finished modules/99.retention_policy.py
2026-04-21 07:01:17 - INFO -   Orchestrator   - Finished orchestrator
