2026-03-03 05:45:59 - INFO -   Orchestrator   - Starting orchestrator
2026-03-03 05:45:59 - INFO -   Orchestrator   - Starting modules/1.file_retrieval.py
2026-03-03 05:45:59 - INFO -      Module 1    - connecting to https://data.nsw.gov.au/data/dataset/fuel-check
2026-03-03 05:46:05 - INFO -      Module 1    - downloading file from server
2026-03-03 05:46:08 - INFO -      Module 1    - converting file to csv
2026-03-03 05:46:08 - INFO -      Module 1    - pushing file to repo
2026-03-03 05:46:10 - INFO -      Module 1    - Successfully pushed data and logs/fuelcheck_feb2026.csv to repo
2026-03-03 05:46:10 - INFO -      Module 1    - Config file updated
2026-03-03 05:46:10 - INFO -      Module 1    - pushing file to repo
2026-03-03 05:46:10 - INFO -      Module 1    - Successfully pushed config.json to repo
2026-03-03 05:46:10 - INFO -   Orchestrator   - Finished modules/1.file_retrieval.py
2026-03-03 05:46:10 - INFO -   Orchestrator   - Starting modules/2.transform_data.py
2026-03-03 05:46:11 - INFO -      Module 2    - Starting Data Transformations
2026-03-03 05:46:11 - INFO -      Module 2    - Reading data and logs/fuelcheck_feb2026.csv
2026-03-03 05:46:11 - INFO -      Module 2    - df_fuel_data has 66981 rows
2026-03-03 05:46:35 - INFO -      Module 2    - Final output has 213369 rows
2026-03-03 05:46:35 - INFO -      Module 2    - Inserting values into database
2026-03-03 05:47:00 - INFO -      Module 2    - Config file updated
2026-03-03 05:47:00 - INFO -      Module 2    - pushing file to repo
2026-03-03 05:47:01 - INFO -      Module 2    - Successfully pushed config.json to repo
2026-03-03 05:47:01 - INFO -      Module 2    - Operation complete
2026-03-03 05:47:01 - INFO -   Orchestrator   - Finished modules/2.transform_data.py
2026-03-03 05:47:01 - INFO -   Orchestrator   - Starting modules/3.api_integration.py
2026-03-03 05:47:02 - INFO -      Module 3    - Pulling API Information
2026-03-03 05:47:04 - INFO -      Module 3    - Cleaning API Data
2026-03-03 05:47:04 - INFO -      Module 3    - Pulling Database Information
2026-03-03 05:47:06 - INFO -      Module 3    - Creating the datasets
2026-03-03 05:47:06 - INFO -      Module 3    - Comparing API dataset to dbo dataset
2026-03-03 05:47:06 - INFO -      Module 3    - Inserting data into the database
2026-03-03 05:47:07 - INFO -      Module 3    - Config file updated
2026-03-03 05:47:07 - INFO -      Module 3    - pushing file to repo
2026-03-03 05:47:08 - INFO -      Module 3    - Successfully pushed config.json to repo
2026-03-03 05:47:08 - INFO -      Module 3    - Operation complete
2026-03-03 05:47:08 - INFO -   Orchestrator   - Finished modules/3.api_integration.py
2026-03-03 05:47:08 - INFO -   Orchestrator   - Starting modules/4.data_quality.py
2026-03-03 05:47:08 - INFO -      Module 4    - Running Data Quality Stored Procedure
2026-03-03 05:47:11 - WARNING -      Module 4    - check_data_quality | INC_03 | 1 rows
2026-03-03 05:47:11 - WARNING -      Module 4    - check_data_quality | INC_04 | 43 rows
2026-03-03 05:47:11 - WARNING -      Module 4    - update_data_quality_autofix | INC_03 | 1 rows
2026-03-03 05:47:12 - WARNING -      Module 4    - check_data_quality | INC_04 | 42 rows
2026-03-03 05:47:12 - INFO -      Module 4    - Operation complete
2026-03-03 05:47:12 - INFO -   Orchestrator   - Finished modules/4.data_quality.py
2026-03-03 05:47:12 - INFO -   Orchestrator   - Starting modules/5.data_update.py
2026-03-03 05:47:13 - INFO -      Module 5    - Running SQL Stored Procedures
2026-03-03 05:47:14 - INFO -      Module 5    - update_fuel_stations_active | INSERT | 0 rows
2026-03-03 05:47:14 - INFO -      Module 5    - update_fuel_stations_active | UPDATE | 0 rows
2026-03-03 05:47:14 - INFO -      Module 5    - update_fact_fuel | INSERT | 0 rows
2026-03-03 05:47:14 - INFO -      Module 5    - update_fuel_stations_inactive | UPDATE | 0 rows
2026-03-03 05:47:14 - INFO -      Module 5    - Total price updates = 0 rows
2026-03-03 05:47:14 - INFO -      Module 5    - Operation complete
2026-03-03 05:47:14 - INFO -   Orchestrator   - Finished modules/5.data_update.py
2026-03-03 05:47:14 - INFO -   Orchestrator   - Starting modules/99.retention_policy.py
2026-03-03 05:47:14 - INFO - Retention Policy - Deleted old workflow log: data and logs/workflow_20260226_13h08.log
2026-03-03 05:47:14 - INFO - Retention Policy - Deleted old workflow log: data and logs/workflow_20260226_12h57.log
2026-03-03 05:47:14 - INFO - Retention Policy - Deleted old workflow log: data and logs/workflow_20260226_13h18.log
2026-03-03 05:47:14 - INFO - Retention Policy - Deleted old workflow log: data and logs/workflow_20260226_13h01.log
2026-03-03 05:47:14 - INFO - Retention Policy - Deleted old workflow log: data and logs/workflow_20260226_13h11.log
2026-03-03 05:47:14 - INFO - Retention Policy - Deleted old workflow log: data and logs/workflow_20260226_13h22.log
2026-03-03 05:47:15 - INFO - Retention Policy - Old workflow logs cleaned up and changes pushed.
2026-03-03 05:47:15 - INFO -   Orchestrator   - Finished modules/99.retention_policy.py
2026-03-03 05:47:15 - INFO -   Orchestrator   - Finished orchestrator
