2026-09-01 09:43:16 - INFO -   Orchestrator   - Starting orchestrator
2026-09-01 09:43:16 - INFO -   Orchestrator   - Starting modules/1.file_retrieval.py
2026-09-01 09:43:16 - INFO -      Module 1    - connecting to https://data.nsw.gov.au/data/dataset/fuel-check
2026-09-01 09:43:19 - INFO -      Module 1    - aug2026 file not yet available
2026-09-01 09:43:20 - INFO -   Orchestrator   - Conditions not met in modules/1.file_retrieval.py - Skipping Module
2026-09-01 09:43:20 - INFO -   Orchestrator   - Starting modules/2.transform_data.py
2026-09-01 09:43:20 - INFO -      Module 2    - jul2026 file has already been transformed
2026-09-01 09:43:20 - INFO -   Orchestrator   - Conditions not met in modules/2.transform_data.py - Skipping Module
2026-09-01 09:43:20 - INFO -   Orchestrator   - Starting modules/3.api_integration.py
2026-09-01 09:43:20 - INFO -      Module 3    - jul2026 station dictionary already up to date
2026-09-01 09:43:20 - INFO -   Orchestrator   - Conditions not met in modules/3.api_integration.py - Skipping Module
2026-09-01 09:43:20 - INFO -   Orchestrator   - Starting modules/4.data_quality.py
2026-09-01 09:43:21 - INFO -      Module 4    - jul2026 data is already loaded to database
2026-09-01 09:43:21 - INFO -   Orchestrator   - Conditions not met in modules/4.data_quality.py - Skipping Module
2026-09-01 09:43:21 - INFO -   Orchestrator   - Starting modules/5.data_update.py
2026-09-01 09:43:21 - INFO -      Module 5    - jul2026 date is already updated in the database
2026-09-01 09:43:21 - INFO -   Orchestrator   - Conditions not met in modules/5.data_update.py - Skipping Module
2026-09-01 09:43:21 - INFO -   Orchestrator   - Starting modules/99.retention_policy.py
2026-09-01 09:43:21 - INFO - Retention Policy - Deleted old workflow log: data and logs/workflow_20260802_07h29.log
2026-09-01 09:43:23 - INFO - Retention Policy - Old workflow logs cleaned up and changes pushed.
2026-09-01 09:43:23 - INFO -   Orchestrator   - Finished modules/99.retention_policy.py
2026-09-01 09:43:23 - INFO -   Orchestrator   - Finished orchestrator
