2026-03-03 11:03:51 - INFO -   Orchestrator   - Starting orchestrator
2026-03-03 11:03:51 - INFO -   Orchestrator   - Starting modules/1.file_retrieval.py
2026-03-03 11:03:52 - INFO -      Module 1    - feb2026 data file already loaded
2026-03-03 11:03:52 - INFO -   Orchestrator   - Conditions not met in modules/1.file_retrieval.py - Skipping Module
2026-03-03 11:03:52 - INFO -   Orchestrator   - Starting modules/2.transform_data.py
2026-03-03 11:03:52 - INFO -      Module 2    - Starting Data Transformations
2026-03-03 11:03:52 - INFO -      Module 2    - Reading data and logs/fuelcheck_feb2026.csv
2026-03-03 11:03:52 - INFO -      Module 2    - df_fuel_data has 66981 rows
2026-03-03 11:04:05 - INFO -      Module 2    - Final output has 213411 rows
2026-03-03 11:04:05 - INFO -      Module 2    - Inserting values into database
2026-03-03 11:04:30 - INFO -      Module 2    - Config file updated
2026-03-03 11:04:30 - INFO -      Module 2    - pushing file to repo
2026-03-03 11:04:31 - INFO -      Module 2    - Successfully pushed config.json to repo
2026-03-03 11:04:31 - INFO -      Module 2    - Operation complete
2026-03-03 11:04:31 - INFO -   Orchestrator   - Finished modules/2.transform_data.py
2026-03-03 11:04:31 - INFO -   Orchestrator   - Starting modules/3.api_integration.py
2026-03-03 11:04:31 - INFO -      Module 3    - Pulling API Information
2026-03-03 11:04:34 - INFO -      Module 3    - Cleaning API Data
2026-03-03 11:04:34 - INFO -      Module 3    - Pulling Database Information
2026-03-03 11:04:36 - INFO -      Module 3    - Creating the datasets
2026-03-03 11:04:36 - INFO -      Module 3    - Comparing API dataset to dbo dataset
2026-03-03 11:04:36 - INFO -      Module 3    - Inserting data into the database
2026-03-03 11:04:37 - INFO -      Module 3    - Config file updated
2026-03-03 11:04:37 - INFO -      Module 3    - pushing file to repo
2026-03-03 11:04:38 - INFO -      Module 3    - Successfully pushed config.json to repo
2026-03-03 11:04:38 - INFO -      Module 3    - Operation complete
2026-03-03 11:04:38 - INFO -   Orchestrator   - Finished modules/3.api_integration.py
2026-03-03 11:04:38 - INFO -   Orchestrator   - Starting modules/4.data_quality.py
2026-03-03 11:04:38 - INFO -      Module 4    - Running Data Quality Stored Procedure
2026-03-03 11:04:40 - WARNING -      Module 4    - check_data_quality | MIS_02 | 2 rows
2026-03-03 11:04:41 - WARNING -      Module 4    - update_data_quality_autofix | MIS_02 | 2 rows
2026-03-03 11:04:42 - INFO -      Module 4    - Operation complete
2026-03-03 11:04:42 - INFO -   Orchestrator   - Finished modules/4.data_quality.py
2026-03-03 11:04:42 - INFO -   Orchestrator   - Starting modules/5.data_update.py
2026-03-03 11:04:42 - INFO -      Module 5    - Running SQL Stored Procedures
2026-03-03 11:04:44 - INFO -      Module 5    - update_fuel_stations_active | INSERT | 0 rows
2026-03-03 11:04:44 - INFO -      Module 5    - update_fuel_stations_active | UPDATE | 0 rows
2026-03-03 11:04:45 - INFO -      Module 5    - update_fact_fuel | INSERT | 213411 rows
2026-03-03 11:04:46 - INFO -      Module 5    - update_fuel_stations_inactive | UPDATE | 590 rows
2026-03-03 11:04:46 - INFO -      Module 5    - Total price updates = 213411 rows
2026-03-03 11:04:46 - INFO -      Module 5    - Config file updated
2026-03-03 11:04:46 - INFO -      Module 5    - pushing file to repo
2026-03-03 11:04:47 - INFO -      Module 5    - Successfully pushed config.json to repo
2026-03-03 11:04:47 - INFO -      Module 5    - Operation complete
2026-03-03 11:04:47 - INFO -   Orchestrator   - Finished modules/5.data_update.py
2026-03-03 11:04:47 - INFO -   Orchestrator   - Starting modules/99.retention_policy.py
2026-03-03 11:04:47 - INFO - Retention Policy - Old workflow logs cleaned up and changes pushed.
2026-03-03 11:04:47 - INFO -   Orchestrator   - Finished modules/99.retention_policy.py
2026-03-03 11:04:47 - INFO -   Orchestrator   - Finished orchestrator
