2026-02-28 20:33:47 - INFO -   Orchestrator   - Starting orchestrator
2026-02-28 20:33:47 - INFO -   Orchestrator   - Starting modules/1.file_retrieval.py
2026-02-28 20:33:47 - INFO -      Module 1    - jan2026 data file already loaded
2026-02-28 20:33:47 - INFO -   Orchestrator   - Conditions not met in modules/1.file_retrieval.py - Skipping Module
2026-02-28 20:33:47 - INFO -   Orchestrator   - Starting modules/2.transform_data.py
2026-02-28 20:33:48 - INFO -      Module 2    - jan2026 file has already been transformed
2026-02-28 20:33:48 - INFO -   Orchestrator   - Conditions not met in modules/2.transform_data.py - Skipping Module
2026-02-28 20:33:48 - INFO -   Orchestrator   - Starting modules/3.api_integration.py
2026-02-28 20:33:48 - INFO -      Module 3    - jan2026 station dictionary already up to date
2026-02-28 20:33:48 - INFO -   Orchestrator   - Conditions not met in modules/3.api_integration.py - Skipping Module
2026-02-28 20:33:48 - INFO -   Orchestrator   - Starting modules/4.data_quality.py
2026-02-28 20:33:49 - INFO -      Module 4    - Running SQL Stored Procedure
2026-02-28 20:33:51 - INFO -      Module 4    - Operation complete
2026-02-28 20:33:51 - INFO -   Orchestrator   - Finished modules/4.data_quality.py
2026-02-28 20:33:51 - INFO -   Orchestrator   - Starting modules/5.data_update.py
2026-02-28 20:33:52 - INFO -      Module 5    - Running SQL Stored Procedures
2026-02-28 20:33:52 - INFO -      Module 5    - update_fuel_stations_active | INSERT | 23 rows
2026-02-28 20:33:52 - INFO -      Module 5    - update_fuel_stations_active | UPDATE | 8 rows
2026-02-28 20:34:00 - INFO -      Module 5    - update_fact_fuel | INSERT | 256774 rows
2026-02-28 20:34:00 - INFO -      Module 5    - update_fuel_stations_inactive | UPDATE | 3995 rows
2026-02-28 20:34:00 - INFO -      Module 5    - Total updates = 260800 rows
2026-02-28 20:34:00 - INFO -      Module 5    - Config file updated
2026-02-28 20:34:00 - INFO -      Module 5    - pushing file to repo
2026-02-28 20:34:01 - INFO -      Module 5    - Successfully pushed config.json to repo
2026-02-28 20:34:01 - INFO -      Module 5    - Operation complete
2026-02-28 20:34:01 - INFO -   Orchestrator   - Finished modules/5.data_update.py
2026-02-28 20:34:01 - INFO -   Orchestrator   - Starting modules/99.retention_policy.py
2026-02-28 20:34:01 - INFO - Retention Policy - Old workflow logs cleaned up and changes pushed.
2026-02-28 20:34:01 - INFO -   Orchestrator   - Finished modules/99.retention_policy.py
2026-02-28 20:34:01 - INFO -   Orchestrator   - Finished orchestrator
