2026-09-03 09:24:45 - INFO -   Orchestrator   - Starting orchestrator
2026-09-03 09:24:45 - INFO -   Orchestrator   - Starting modules/1.file_retrieval.py
2026-09-03 09:24:45 - INFO -      Module 1    - aug2026 data file already loaded
2026-09-03 09:24:46 - INFO -   Orchestrator   - Conditions not met in modules/1.file_retrieval.py - Skipping Module
2026-09-03 09:24:46 - INFO -   Orchestrator   - Starting modules/2.transform_data.py
2026-09-03 09:24:46 - INFO -      Module 2    - aug2026 file has already been transformed
2026-09-03 09:24:46 - INFO -   Orchestrator   - Conditions not met in modules/2.transform_data.py - Skipping Module
2026-09-03 09:24:46 - INFO -   Orchestrator   - Starting modules/3.api_integration.py
2026-09-03 09:24:47 - INFO -      Module 3    - aug2026 station dictionary already up to date
2026-09-03 09:24:47 - INFO -   Orchestrator   - Conditions not met in modules/3.api_integration.py - Skipping Module
2026-09-03 09:24:47 - INFO -   Orchestrator   - Starting modules/4.data_quality.py
2026-09-03 09:24:47 - INFO -      Module 4    - Running Data Quality Stored Procedure
2026-09-03 09:24:50 - INFO -      Module 4    - Operation complete
2026-09-03 09:24:50 - INFO -   Orchestrator   - Finished modules/4.data_quality.py
2026-09-03 09:24:50 - INFO -   Orchestrator   - Starting modules/5.data_update.py
2026-09-03 09:24:51 - INFO -      Module 5    - Running SQL Stored Procedures
2026-09-03 09:24:52 - INFO -      Module 5    - update_fuel_stations_active | INSERT | 17 rows
2026-09-03 09:24:52 - INFO -      Module 5    - update_fuel_stations_active | UPDATE | 7 rows
2026-09-03 09:25:39 - INFO -      Module 5    - update_fact_fuel | INSERT | 295148 rows
2026-09-03 09:25:39 - INFO -      Module 5    - update_fuel_stations_inactive | UPDATE | 0 rows
2026-09-03 09:25:39 - INFO -      Module 5    - Total price updates = 295148 rows
2026-09-03 09:25:39 - INFO -      Module 5    - Config file updated
2026-09-03 09:25:39 - INFO -      Module 5    - pushing file to repo
2026-09-03 09:25:41 - INFO -      Module 5    - Successfully pushed config.json to repo
2026-09-03 09:25:41 - INFO -      Module 5    - Operation complete
2026-09-03 09:25:41 - INFO -   Orchestrator   - Finished modules/5.data_update.py
2026-09-03 09:25:41 - INFO -   Orchestrator   - Starting modules/99.retention_policy.py
2026-09-03 09:25:41 - INFO - Retention Policy - Deleted old workflow log: data and logs/workflow_20260804_07h34.log
2026-09-03 09:25:42 - INFO - Retention Policy - Old workflow logs cleaned up and changes pushed.
2026-09-03 09:25:42 - INFO -   Orchestrator   - Finished modules/99.retention_policy.py
2026-09-03 09:25:42 - INFO -   Orchestrator   - Finished orchestrator
