2026-10-01 11:29:57 - INFO -   Orchestrator   - Starting orchestrator
2026-10-01 11:29:57 - INFO -   Orchestrator   - Starting modules/1.file_retrieval.py
2026-10-01 11:29:58 - INFO -      Module 1    - connecting to https://data.nsw.gov.au/data/dataset/fuel-check
2026-10-01 11:30:36 - INFO -      Module 1    - sep2026 file not yet available
2026-10-01 11:30:36 - INFO -   Orchestrator   - Conditions not met in modules/1.file_retrieval.py - Skipping Module
2026-10-01 11:30:36 - INFO -   Orchestrator   - Starting modules/2.transform_data.py
2026-10-01 11:30:37 - INFO -   Orchestrator   - Finished modules/2.transform_data.py
2026-10-01 11:30:37 - ERROR -   Orchestrator   - Module modules/2.transform_data.py failed with exit code 1
2026-10-01 11:30:37 - ERROR -   Orchestrator   - modules/2.transform_data.py errors before failure:
Traceback (most recent call last):
  File "/home/runner/work/NSW-Fuel-Price-Insights/NSW-Fuel-Price-Insights/modules/2.transform_data.py", line 41, in <module>
    engine = create_engine(DB_CONNECTION_STRING)
             ^^^^^^^^^^^^^^^^^^^^^^^^^^^^^^^^^^^
  File "<sqlalchemy generated warned() wrapper for sqlalchemy.engine.create.create_engine>", line 2, in create_engine
  File "/opt/hostedtoolcache/Python/3.11.16/x64/lib/python3.11/site-packages/sqlalchemy/util/deprecations.py", line 281, in warned
    return fn(*args, **kwargs)  # type: ignore[no-any-return]
           ^^^^^^^^^^^^^^^^^^^
  File "/opt/hostedtoolcache/Python/3.11.16/x64/lib/python3.11/site-packages/sqlalchemy/engine/create.py", line 602, in create_engine
    dbapi = dbapi_meth(**dbapi_args)
            ^^^^^^^^^^^^^^^^^^^^^^^^
  File "/opt/hostedtoolcache/Python/3.11.16/x64/lib/python3.11/site-packages/sqlalchemy/dialects/postgresql/psycopg.py", line 497, in import_dbapi
    import psycopg
ModuleNotFoundError: No module named 'psycopg'

