2026-02-25 12:08:28 - INFO -   Orchestrator   - Starting orchestrator
2026-02-25 12:08:28 - INFO -   Orchestrator   - Starting modules/1.file_retrieval.py
2026-02-25 12:08:28 - INFO -      Module 1    - jan2026 data file already loaded
2026-02-25 12:08:28 - INFO -   Orchestrator   - Conditions not met in modules/1.file_retrieval.py - Skipping Module
2026-02-25 12:08:28 - INFO -   Orchestrator   - Starting modules/2.transform_data.py
2026-02-25 12:08:29 - INFO -      Module 2    - jan2026 file has already been transformed
2026-02-25 12:08:29 - INFO -   Orchestrator   - Conditions not met in modules/2.transform_data.py - Skipping Module
2026-02-25 12:08:29 - INFO -   Orchestrator   - Starting modules/3.api_integration.py
2026-02-25 12:08:29 - INFO -      Module 3    - jan2026 station dictionary already up to date
2026-02-25 12:08:29 - INFO -   Orchestrator   - Conditions not met in modules/3.api_integration.py - Skipping Module
2026-02-25 12:08:29 - INFO -   Orchestrator   - Starting modules/4.data_quality.py
2026-02-25 12:08:30 - INFO -      Module 4    - Running SQL Stored Procedure
2026-02-25 12:08:31 - INFO -   Orchestrator   - Finished modules/4.data_quality.py
2026-02-25 12:08:31 - ERROR -   Orchestrator   - Module modules/4.data_quality.py failed with exit code 1
2026-02-25 12:08:31 - ERROR -   Orchestrator   - modules/4.data_quality.py errors before failure:
Traceback (most recent call last):
  File "/home/runner/work/NSW-Fuel-Price-Insights/NSW-Fuel-Price-Insights/modules/4.data_quality.py", line 63, in <module>
    sys_run_log_dbo = pd.read_sql(data_quality_query, engine)
                      ^^
NameError: name 'pd' is not defined. Did you mean: 'id'?

