2026-03-01 12:03:59 - INFO -   Orchestrator   - Starting orchestrator
2026-03-01 12:03:59 - INFO -   Orchestrator   - Starting modules/1.file_retrieval.py
2026-03-01 12:03:59 - INFO -      Module 1    - connecting to https://data.nsw.gov.au/data/dataset/fuel-check
2026-03-01 12:04:04 - INFO -      Module 1    - feb2026 file not yet available
2026-03-01 12:04:05 - INFO -   Orchestrator   - Conditions not met in modules/1.file_retrieval.py - Skipping Module
2026-03-01 12:04:05 - INFO -   Orchestrator   - Starting modules/2.transform_data.py
2026-03-01 12:04:05 - INFO -      Module 2    - jan2026 file has already been transformed
2026-03-01 12:04:05 - INFO -   Orchestrator   - Conditions not met in modules/2.transform_data.py - Skipping Module
2026-03-01 12:04:05 - INFO -   Orchestrator   - Starting modules/3.api_integration.py
2026-03-01 12:04:06 - INFO -      Module 3    - jan2026 station dictionary already up to date
2026-03-01 12:04:06 - INFO -   Orchestrator   - Conditions not met in modules/3.api_integration.py - Skipping Module
2026-03-01 12:04:06 - INFO -   Orchestrator   - Starting modules/4.data_quality.py
2026-03-01 12:04:06 - INFO -      Module 4    - Running Data Quality Stored Procedure
2026-03-01 12:04:08 - INFO -      Module 4    - Running AUTOFIX Stored Procedure
2026-03-01 12:04:08 - INFO -      Module 4    - Running Data Quality Stored Procedure
2026-03-01 12:04:09 - INFO -      Module 4    - Operation complete
2026-03-01 12:04:09 - INFO -   Orchestrator   - Finished modules/4.data_quality.py
2026-03-01 12:04:09 - INFO -   Orchestrator   - Starting modules/5.data_update.py
2026-03-01 12:04:09 - INFO -      Module 5    - Running SQL Stored Procedures
2026-03-01 12:04:10 - INFO -      Module 5    - update_fuel_stations_active | INSERT | 0 rows
2026-03-01 12:04:10 - INFO -      Module 5    - update_fuel_stations_active | UPDATE | 0 rows
2026-03-01 12:04:11 - INFO -      Module 5    - update_fact_fuel | INSERT | 0 rows
2026-03-01 12:04:11 - INFO -      Module 5    - update_fuel_stations_inactive | UPDATE | 0 rows
2026-03-01 12:04:11 - INFO -      Module 5    - Total price updates = 0 rows
2026-03-01 12:04:11 - INFO -      Module 5    - Operation complete
2026-03-01 12:04:11 - INFO -   Orchestrator   - Finished modules/5.data_update.py
2026-03-01 12:04:11 - INFO -   Orchestrator   - Starting modules/99.retention_policy.py
2026-03-01 12:04:11 - INFO - Retention Policy - Old workflow logs cleaned up and changes pushed.
2026-03-01 12:04:11 - INFO -   Orchestrator   - Finished modules/99.retention_policy.py
2026-03-01 12:04:11 - INFO -   Orchestrator   - Finished orchestrator
