2026-05-01 11:01:51 - INFO -   Orchestrator   - Starting orchestrator
2026-05-01 11:01:51 - INFO -   Orchestrator   - Starting modules/1.file_retrieval.py
2026-05-01 11:01:51 - INFO -      Module 1    - apr2026 data file already loaded
2026-05-01 11:01:51 - INFO -   Orchestrator   - Conditions not met in modules/1.file_retrieval.py - Skipping Module
2026-05-01 11:01:51 - INFO -   Orchestrator   - Starting modules/2.transform_data.py
2026-05-01 11:01:52 - INFO -      Module 2    - apr2026 file has already been transformed
2026-05-01 11:01:52 - INFO -   Orchestrator   - Conditions not met in modules/2.transform_data.py - Skipping Module
2026-05-01 11:01:52 - INFO -   Orchestrator   - Starting modules/3.api_integration.py
2026-05-01 11:01:52 - INFO -      Module 3    - Pulling API Information
2026-05-01 11:01:57 - INFO -      Module 3    - Cleaning API Data
2026-05-01 11:01:57 - INFO -      Module 3    - Pulling Database Information
2026-05-01 11:01:59 - INFO -      Module 3    - Creating the datasets
2026-05-01 11:01:59 - INFO -   Orchestrator   - Finished modules/3.api_integration.py
2026-05-01 11:01:59 - ERROR -   Orchestrator   - Module modules/3.api_integration.py failed with exit code 1
2026-05-01 11:01:59 - ERROR -   Orchestrator   - modules/3.api_integration.py errors before failure:
Traceback (most recent call last):
  File "/opt/hostedtoolcache/Python/3.11.15/x64/lib/python3.11/site-packages/pandas/core/indexes/base.py", line 3641, in get_loc
    return self._engine.get_loc(casted_key)
           ^^^^^^^^^^^^^^^^^^^^^^^^^^^^^^^^
  File "pandas/_libs/index.pyx", line 168, in pandas._libs.index.IndexEngine.get_loc
  File "pandas/_libs/index.pyx", line 197, in pandas._libs.index.IndexEngine.get_loc
  File "pandas/_libs/hashtable_class_helper.pxi", line 7668, in pandas._libs.hashtable.PyObjectHashTable.get_item
  File "pandas/_libs/hashtable_class_helper.pxi", line 7676, in pandas._libs.hashtable.PyObjectHashTable.get_item
KeyError: 'active'

The above exception was the direct cause of the following exception:

Traceback (most recent call last):
  File "/home/runner/work/NSW-Fuel-Price-Insights/NSW-Fuel-Price-Insights/modules/3.api_integration.py", line 279, in <module>
    (station_fuelcode_dbo['active'] == True) & 
     ~~~~~~~~~~~~~~~~~~~~^^^^^^^^^^
  File "/opt/hostedtoolcache/Python/3.11.15/x64/lib/python3.11/site-packages/pandas/core/frame.py", line 4378, in __getitem__
    indexer = self.columns.get_loc(key)
              ^^^^^^^^^^^^^^^^^^^^^^^^^
  File "/opt/hostedtoolcache/Python/3.11.15/x64/lib/python3.11/site-packages/pandas/core/indexes/base.py", line 3648, in get_loc
    raise KeyError(key) from err
KeyError: 'active'

