2026-03-01 12:28:25 - INFO -   Orchestrator   - Starting orchestrator
2026-03-01 12:28:25 - INFO -   Orchestrator   - Starting modules/1.file_retrieval.py
2026-03-01 12:28:25 - INFO -      Module 1    - connecting to https://data.nsw.gov.au/data/dataset/fuel-check
2026-03-01 12:28:29 - INFO -      Module 1    - feb2026 file not yet available
2026-03-01 12:28:29 - INFO -   Orchestrator   - Conditions not met in modules/1.file_retrieval.py - Skipping Module
2026-03-01 12:28:29 - INFO -   Orchestrator   - Starting modules/2.transform_data.py
2026-03-01 12:28:30 - INFO -      Module 2    - Starting Data Transformations
2026-03-01 12:28:30 - INFO -      Module 2    - Reading data and logs/fuelcheck_jan2026.csv
2026-03-01 12:28:30 - INFO -      Module 2    - df_fuel_data has 74525 rows
2026-03-01 12:28:44 - INFO -      Module 2    - Final output has 256774 rows
2026-03-01 12:28:44 - INFO -      Module 2    - Inserting values into database
2026-03-01 12:29:12 - INFO -      Module 2    - Config file updated
2026-03-01 12:29:12 - INFO -      Module 2    - pushing file to repo
2026-03-01 12:29:13 - INFO -      Module 2    - Successfully pushed config.json to repo
2026-03-01 12:29:13 - INFO -      Module 2    - Operation complete
2026-03-01 12:29:13 - INFO -   Orchestrator   - Finished modules/2.transform_data.py
2026-03-01 12:29:13 - INFO -   Orchestrator   - Starting modules/3.api_integration.py
2026-03-01 12:29:14 - INFO -      Module 3    - Pulling API Information
2026-03-01 12:29:16 - INFO -      Module 3    - Cleaning API Data
2026-03-01 12:29:16 - INFO -      Module 3    - Pulling Database Information
2026-03-01 12:29:18 - INFO -      Module 3    - Creating the datasets
2026-03-01 12:29:18 - INFO -      Module 3    - Comparing API dataset to dbo dataset
2026-03-01 12:29:18 - INFO -      Module 3    - Inserting data into the database
2026-03-01 12:29:19 - INFO -      Module 3    - Config file updated
2026-03-01 12:29:19 - INFO -      Module 3    - pushing file to repo
2026-03-01 12:29:19 - INFO -      Module 3    - Successfully pushed config.json to repo
2026-03-01 12:29:19 - INFO -      Module 3    - Operation complete
2026-03-01 12:29:20 - INFO -   Orchestrator   - Finished modules/3.api_integration.py
2026-03-01 12:29:20 - INFO -   Orchestrator   - Starting modules/4.data_quality.py
2026-03-01 12:29:20 - INFO -      Module 4    - Running Data Quality Stored Procedure
2026-03-01 12:29:23 - WARNING -      Module 4    - check_data_quality | MIS_02 | 1 rows
2026-03-01 12:29:23 - WARNING -      Module 4    - check_data_quality | INC_01 | 2 rows
2026-03-01 12:29:23 - WARNING -      Module 4    - check_data_quality | INC_03 | 4 rows
2026-03-01 12:29:23 - WARNING -      Module 4    - check_data_quality | INC_04 | 4 rows
2026-03-01 12:29:23 - WARNING -      Module 4    - check_data_quality | PAR_01 | 2 rows
2026-03-01 12:29:23 - WARNING -      Module 4    - check_data_quality | INC_05 | 43 rows
2026-03-01 12:29:23 - WARNING -      Module 4    - update_data_quality_autofix | INC_01 | 2 rows
2026-03-01 12:29:23 - WARNING -      Module 4    - update_data_quality_autofix | INC_03 | 4 rows
2026-03-01 12:29:23 - WARNING -      Module 4    - update_data_quality_autofix | INC_05 | 43 rows
2026-03-01 12:29:23 - WARNING -      Module 4    - update_data_quality_autofix | MIS_02 | 1 rows
2026-03-01 12:29:24 - WARNING -      Module 4    - check_data_quality | PAR_01 | 2 rows
2026-03-01 12:29:24 - WARNING -      Module 4    - check_data_quality | INC_05 | 6 rows
2026-03-01 12:29:24 - INFO -      Module 4    - Operation complete
2026-03-01 12:29:24 - INFO -   Orchestrator   - Finished modules/4.data_quality.py
2026-03-01 12:29:24 - INFO -   Orchestrator   - Starting modules/5.data_update.py
2026-03-01 12:29:25 - INFO -      Module 5    - Running SQL Stored Procedures
2026-03-01 12:29:26 - INFO -      Module 5    - update_fuel_stations_active | INSERT | 0 rows
2026-03-01 12:29:26 - INFO -      Module 5    - update_fuel_stations_active | UPDATE | 0 rows
2026-03-01 12:29:26 - INFO -      Module 5    - update_fact_fuel | INSERT | 0 rows
2026-03-01 12:29:26 - INFO -      Module 5    - update_fuel_stations_inactive | UPDATE | 0 rows
2026-03-01 12:29:26 - INFO -      Module 5    - Total price updates = 0 rows
2026-03-01 12:29:26 - INFO -      Module 5    - Operation complete
2026-03-01 12:29:26 - INFO -   Orchestrator   - Finished modules/5.data_update.py
2026-03-01 12:29:26 - INFO -   Orchestrator   - Starting modules/99.retention_policy.py
2026-03-01 12:29:27 - INFO - Retention Policy - Old workflow logs cleaned up and changes pushed.
2026-03-01 12:29:27 - INFO -   Orchestrator   - Finished modules/99.retention_policy.py
2026-03-01 12:29:27 - INFO -   Orchestrator   - Finished orchestrator
