2026-02-25 12:18:32 - INFO -   Orchestrator   - Starting orchestrator
2026-02-25 12:18:32 - INFO -   Orchestrator   - Starting modules/1.file_retrieval.py
2026-02-25 12:18:33 - INFO -      Module 1    - jan2026 data file already loaded
2026-02-25 12:18:33 - INFO -   Orchestrator   - Conditions not met in modules/1.file_retrieval.py - Skipping Module
2026-02-25 12:18:33 - INFO -   Orchestrator   - Starting modules/2.transform_data.py
2026-02-25 12:18:34 - INFO -      Module 2    - jan2026 file has already been transformed
2026-02-25 12:18:34 - INFO -   Orchestrator   - Conditions not met in modules/2.transform_data.py - Skipping Module
2026-02-25 12:18:34 - INFO -   Orchestrator   - Starting modules/3.api_integration.py
2026-02-25 12:18:34 - INFO -      Module 3    - jan2026 station dictionary already up to date
2026-02-25 12:18:34 - INFO -   Orchestrator   - Conditions not met in modules/3.api_integration.py - Skipping Module
2026-02-25 12:18:34 - INFO -   Orchestrator   - Starting modules/4.data_quality.py
2026-02-25 12:18:35 - INFO -      Module 4    - Running SQL Stored Procedure
2026-02-25 12:18:36 - INFO -      Module 4    - defect_id AD_04 has 2 rows
2026-02-25 12:18:36 - INFO -      Module 4    - Operation complete
2026-02-25 12:18:36 - INFO -   Orchestrator   - Finished modules/4.data_quality.py
2026-02-25 12:18:36 - INFO -   Orchestrator   - Starting modules/99.retention_policy.py
2026-02-25 12:18:36 - INFO - Retention Policy - Deleted old workflow log: data and logs/workflow_20260217_22h24.log
2026-02-25 12:18:36 - INFO - Retention Policy - Deleted old workflow log: data and logs/workflow_20260217_22h29.log
2026-02-25 12:18:36 - INFO - Retention Policy - Deleted old workflow log: data and logs/workflow_20260217_22h31.log
2026-02-25 12:18:36 - INFO - Retention Policy - Deleted old workflow log: data and logs/workflow_20260217_22h34.log
2026-02-25 12:18:37 - INFO - Retention Policy - Old workflow logs cleaned up and changes pushed.
2026-02-25 12:18:37 - INFO -   Orchestrator   - Finished modules/99.retention_policy.py
2026-02-25 12:18:37 - INFO -   Orchestrator   - Finished orchestrator
