2026-02-26 13:08:31 - INFO -   Orchestrator   - Starting orchestrator
2026-02-26 13:08:31 - INFO -   Orchestrator   - Starting modules/1.file_retrieval.py
2026-02-26 13:08:32 - INFO -      Module 1    - jan2026 data file already loaded
2026-02-26 13:08:32 - INFO -   Orchestrator   - Conditions not met in modules/1.file_retrieval.py - Skipping Module
2026-02-26 13:08:32 - INFO -   Orchestrator   - Starting modules/2.transform_data.py
2026-02-26 13:08:32 - INFO -      Module 2    - jan2026 file has already been transformed
2026-02-26 13:08:33 - INFO -   Orchestrator   - Conditions not met in modules/2.transform_data.py - Skipping Module
2026-02-26 13:08:33 - INFO -   Orchestrator   - Starting modules/3.api_integration.py
2026-02-26 13:08:33 - INFO -      Module 3    - jan2026 station dictionary already up to date
2026-02-26 13:08:33 - INFO -   Orchestrator   - Conditions not met in modules/3.api_integration.py - Skipping Module
2026-02-26 13:08:33 - INFO -   Orchestrator   - Starting modules/4.data_quality.py
2026-02-26 13:08:33 - INFO -      Module 4    - Running SQL Stored Procedure
2026-02-26 13:08:35 - WARNING -      Module 4    - defect_id AD_04 has 2 rows
2026-02-26 13:08:35 - INFO -      Module 4    - Operation complete
2026-02-26 13:08:35 - INFO -   Orchestrator   - Finished modules/4.data_quality.py
2026-02-26 13:08:35 - INFO -   Orchestrator   - Starting modules/5.data_update.py
2026-02-26 13:08:36 - INFO -      Module 4    - Running SQL Stored Procedures
2026-02-26 13:08:36 - INFO -   Orchestrator   - Finished modules/5.data_update.py
2026-02-26 13:08:36 - ERROR -   Orchestrator   - Module modules/5.data_update.py failed with exit code 1
2026-02-26 13:08:36 - ERROR -   Orchestrator   - modules/5.data_update.py errors before failure:
Traceback (most recent call last):
  File "/opt/hostedtoolcache/Python/3.11.14/x64/lib/python3.11/site-packages/sqlalchemy/engine/base.py", line 1967, in _exec_single_context
    self.dialect.do_execute(
  File "/opt/hostedtoolcache/Python/3.11.14/x64/lib/python3.11/site-packages/sqlalchemy/engine/default.py", line 952, in do_execute
    cursor.execute(statement, parameters)
psycopg2.errors.NotNullViolation: null value in column "street" of relation "dim_fuel_stations" violates not-null constraint
DETAIL:  Failing row contains (20820, ASTRON, Astron Rydalmere, 262 - 272 VICTORIA RD Rydalmere NSW 2116, null, null, 2116, null, -33.810076, 151.032389, t, 2026-02-26, null).
CONTEXT:  SQL statement "INSERT INTO
	public.dim_fuel_stations (
		"stationid",
		"brand",
		"name",
		"address",
		"street",
		"town",
		"postcode",
		"latitude",
		"longitude",
		"active",
		"last_update"
	)
SELECT
	"stationid",
	"brand",
	"name",
	"address",
	"street",
	"town",
	"postcode",
	"latitude",
	"longitude",
	TRUE,
	current_date
FROM
	public.stg_new_stations stg"
PL/pgSQL function update_fuel_stations_active() line 27 at SQL statement


The above exception was the direct cause of the following exception:

Traceback (most recent call last):
  File "/home/runner/work/NSW-Fuel-Price-Insights/NSW-Fuel-Price-Insights/modules/5.data_update.py", line 77, in <module>
    run_stored_procedure(engine, logger, "update_fuel_stations_active")
  File "/home/runner/work/NSW-Fuel-Price-Insights/NSW-Fuel-Price-Insights/modules/5.data_update.py", line 49, in run_stored_procedure
    conn.execute(call)
  File "/opt/hostedtoolcache/Python/3.11.14/x64/lib/python3.11/site-packages/sqlalchemy/engine/base.py", line 1419, in execute
    return meth(
           ^^^^^
  File "/opt/hostedtoolcache/Python/3.11.14/x64/lib/python3.11/site-packages/sqlalchemy/sql/elements.py", line 527, in _execute_on_connection
    return connection._execute_clauseelement(
           ^^^^^^^^^^^^^^^^^^^^^^^^^^^^^^^^^^
  File "/opt/hostedtoolcache/Python/3.11.14/x64/lib/python3.11/site-packages/sqlalchemy/engine/base.py", line 1641, in _execute_clauseelement
    ret = self._execute_context(
          ^^^^^^^^^^^^^^^^^^^^^^
  File "/opt/hostedtoolcache/Python/3.11.14/x64/lib/python3.11/site-packages/sqlalchemy/engine/base.py", line 1846, in _execute_context
    return self._exec_single_context(
           ^^^^^^^^^^^^^^^^^^^^^^^^^^
  File "/opt/hostedtoolcache/Python/3.11.14/x64/lib/python3.11/site-packages/sqlalchemy/engine/base.py", line 1986, in _exec_single_context
    self._handle_dbapi_exception(
  File "/opt/hostedtoolcache/Python/3.11.14/x64/lib/python3.11/site-packages/sqlalchemy/engine/base.py", line 2363, in _handle_dbapi_exception
    raise sqlalchemy_exception.with_traceback(exc_info[2]) from e
  File "/opt/hostedtoolcache/Python/3.11.14/x64/lib/python3.11/site-packages/sqlalchemy/engine/base.py", line 1967, in _exec_single_context
    self.dialect.do_execute(
  File "/opt/hostedtoolcache/Python/3.11.14/x64/lib/python3.11/site-packages/sqlalchemy/engine/default.py", line 952, in do_execute
    cursor.execute(statement, parameters)
sqlalchemy.exc.IntegrityError: (psycopg2.errors.NotNullViolation) null value in column "street" of relation "dim_fuel_stations" violates not-null constraint
DETAIL:  Failing row contains (20820, ASTRON, Astron Rydalmere, 262 - 272 VICTORIA RD Rydalmere NSW 2116, null, null, 2116, null, -33.810076, 151.032389, t, 2026-02-26, null).
CONTEXT:  SQL statement "INSERT INTO
	public.dim_fuel_stations (
		"stationid",
		"brand",
		"name",
		"address",
		"street",
		"town",
		"postcode",
		"latitude",
		"longitude",
		"active",
		"last_update"
	)
SELECT
	"stationid",
	"brand",
	"name",
	"address",
	"street",
	"town",
	"postcode",
	"latitude",
	"longitude",
	TRUE,
	current_date
FROM
	public.stg_new_stations stg"
PL/pgSQL function update_fuel_stations_active() line 27 at SQL statement

[SQL: CALL update_fuel_stations_active();]
(Background on this error at: https://sqlalche.me/e/20/gkpj)

