2026-02-27 15:19:34 - INFO -   Orchestrator   - Starting orchestrator
2026-02-27 15:19:34 - INFO -   Orchestrator   - Starting modules/1.file_retrieval.py
2026-02-27 15:19:35 - INFO -      Module 1    - jan2026 data file already loaded
2026-02-27 15:19:35 - INFO -   Orchestrator   - Conditions not met in modules/1.file_retrieval.py - Skipping Module
2026-02-27 15:19:35 - INFO -   Orchestrator   - Starting modules/2.transform_data.py
2026-02-27 15:19:35 - INFO -      Module 2    - jan2026 file has already been transformed
2026-02-27 15:19:35 - INFO -   Orchestrator   - Conditions not met in modules/2.transform_data.py - Skipping Module
2026-02-27 15:19:35 - INFO -   Orchestrator   - Starting modules/3.api_integration.py
2026-02-27 15:19:36 - INFO -      Module 3    - jan2026 station dictionary already up to date
2026-02-27 15:19:36 - INFO -   Orchestrator   - Conditions not met in modules/3.api_integration.py - Skipping Module
2026-02-27 15:19:36 - INFO -   Orchestrator   - Starting modules/4.data_quality.py
2026-02-27 15:19:36 - INFO -      Module 4    - Running SQL Stored Procedure
2026-02-27 15:19:40 - WARNING -      Module 4    - defect_id AD_04 has 2 rows
2026-02-27 15:19:40 - INFO -      Module 4    - Operation complete
2026-02-27 15:19:40 - INFO -   Orchestrator   - Finished modules/4.data_quality.py
2026-02-27 15:19:40 - INFO -   Orchestrator   - Starting modules/5.data_update.py
2026-02-27 15:19:40 - INFO -      Module 5    - Running SQL Stored Procedures
2026-02-27 15:19:42 - INFO -      Module 5    - update_fuel_stations_active | INSERT | 0 rows
2026-02-27 15:19:42 - INFO -      Module 5    - update_fuel_stations_active | UPDATE | 0 rows
2026-02-27 15:19:42 - INFO -      Module 5    - update_fact_fuel | INSERT | 0 rows
2026-02-27 15:19:43 - INFO -      Module 5    - update_fuel_stations_inactive | UPDATE | 0 rows
2026-02-27 15:19:43 - INFO -      Module 5    - Number of updates = 0
2026-02-27 15:19:43 - INFO -      Module 5    - Operation complete
2026-02-27 15:19:43 - INFO -   Orchestrator   - Finished modules/5.data_update.py
2026-02-27 15:19:43 - INFO -   Orchestrator   - Starting modules/99.retention_policy.py
2026-02-27 15:19:43 - INFO - Retention Policy - Old workflow logs cleaned up and changes pushed.
2026-02-27 15:19:43 - INFO -   Orchestrator   - Finished modules/99.retention_policy.py
2026-02-27 15:19:43 - INFO -   Orchestrator   - Finished orchestrator
