2026-02-26 13:11:46 - INFO -   Orchestrator   - Starting orchestrator
2026-02-26 13:11:46 - INFO -   Orchestrator   - Starting modules/1.file_retrieval.py
2026-02-26 13:11:46 - INFO -      Module 1    - jan2026 data file already loaded
2026-02-26 13:11:46 - INFO -   Orchestrator   - Conditions not met in modules/1.file_retrieval.py - Skipping Module
2026-02-26 13:11:46 - INFO -   Orchestrator   - Starting modules/2.transform_data.py
2026-02-26 13:11:47 - INFO -      Module 2    - jan2026 file has already been transformed
2026-02-26 13:11:47 - INFO -   Orchestrator   - Conditions not met in modules/2.transform_data.py - Skipping Module
2026-02-26 13:11:47 - INFO -   Orchestrator   - Starting modules/3.api_integration.py
2026-02-26 13:11:47 - INFO -      Module 3    - jan2026 station dictionary already up to date
2026-02-26 13:11:48 - INFO -   Orchestrator   - Conditions not met in modules/3.api_integration.py - Skipping Module
2026-02-26 13:11:48 - INFO -   Orchestrator   - Starting modules/4.data_quality.py
2026-02-26 13:11:48 - INFO -      Module 4    - Running SQL Stored Procedure
2026-02-26 13:11:50 - WARNING -      Module 4    - defect_id AD_04 has 2 rows
2026-02-26 13:11:50 - INFO -      Module 4    - Operation complete
2026-02-26 13:11:50 - INFO -   Orchestrator   - Finished modules/4.data_quality.py
2026-02-26 13:11:50 - INFO -   Orchestrator   - Starting modules/5.data_update.py
2026-02-26 13:11:50 - INFO -      Module 4    - Running SQL Stored Procedures
2026-02-26 13:11:51 - INFO -   Orchestrator   - Finished modules/5.data_update.py
2026-02-26 13:11:51 - ERROR -   Orchestrator   - Module modules/5.data_update.py failed with exit code 1
2026-02-26 13:11:51 - ERROR -   Orchestrator   - modules/5.data_update.py errors before failure:
Traceback (most recent call last):
  File "/opt/hostedtoolcache/Python/3.11.14/x64/lib/python3.11/site-packages/sqlalchemy/engine/base.py", line 1967, in _exec_single_context
    self.dialect.do_execute(
  File "/opt/hostedtoolcache/Python/3.11.14/x64/lib/python3.11/site-packages/sqlalchemy/engine/default.py", line 952, in do_execute
    cursor.execute(statement, parameters)
psycopg2.errors.SyntaxError: syntax error at or near ":"
LINE 7:         WHERE procedure_name = :procedure
                                       ^


The above exception was the direct cause of the following exception:

Traceback (most recent call last):
  File "/opt/hostedtoolcache/Python/3.11.14/x64/lib/python3.11/site-packages/pandas/io/sql.py", line 1679, in execute
    return execute_function(sql, *args)
           ^^^^^^^^^^^^^^^^^^^^^^^^^^^^
  File "/opt/hostedtoolcache/Python/3.11.14/x64/lib/python3.11/site-packages/sqlalchemy/engine/base.py", line 1779, in exec_driver_sql
    ret = self._execute_context(
          ^^^^^^^^^^^^^^^^^^^^^^
  File "/opt/hostedtoolcache/Python/3.11.14/x64/lib/python3.11/site-packages/sqlalchemy/engine/base.py", line 1846, in _execute_context
    return self._exec_single_context(
           ^^^^^^^^^^^^^^^^^^^^^^^^^^
  File "/opt/hostedtoolcache/Python/3.11.14/x64/lib/python3.11/site-packages/sqlalchemy/engine/base.py", line 1986, in _exec_single_context
    self._handle_dbapi_exception(
  File "/opt/hostedtoolcache/Python/3.11.14/x64/lib/python3.11/site-packages/sqlalchemy/engine/base.py", line 2363, in _handle_dbapi_exception
    raise sqlalchemy_exception.with_traceback(exc_info[2]) from e
  File "/opt/hostedtoolcache/Python/3.11.14/x64/lib/python3.11/site-packages/sqlalchemy/engine/base.py", line 1967, in _exec_single_context
    self.dialect.do_execute(
  File "/opt/hostedtoolcache/Python/3.11.14/x64/lib/python3.11/site-packages/sqlalchemy/engine/default.py", line 952, in do_execute
    cursor.execute(statement, parameters)
sqlalchemy.exc.ProgrammingError: (psycopg2.errors.SyntaxError) syntax error at or near ":"
LINE 7:         WHERE procedure_name = :procedure
                                       ^

[SQL: 
        SELECT
            procedure_name,
            description,
            rows_affected
        FROM sys_run_log
        WHERE procedure_name = :procedure
        ORDER BY log_id
    ]
[parameters: {'procedure': 'update_fuel_stations_active'}]
(Background on this error at: https://sqlalche.me/e/20/f405)

The above exception was the direct cause of the following exception:

Traceback (most recent call last):
  File "/home/runner/work/NSW-Fuel-Price-Insights/NSW-Fuel-Price-Insights/modules/5.data_update.py", line 77, in <module>
    run_stored_procedure(engine, logger, "update_fuel_stations_active")
  File "/home/runner/work/NSW-Fuel-Price-Insights/NSW-Fuel-Price-Insights/modules/5.data_update.py", line 61, in run_stored_procedure
    df = pd.read_sql(query, engine, params={"procedure": procedure})
         ^^^^^^^^^^^^^^^^^^^^^^^^^^^^^^^^^^^^^^^^^^^^^^^^^^^^^^^^^^^
  File "/opt/hostedtoolcache/Python/3.11.14/x64/lib/python3.11/site-packages/pandas/io/sql.py", line 730, in read_sql
    return pandas_sql.read_query(
           ^^^^^^^^^^^^^^^^^^^^^^
  File "/opt/hostedtoolcache/Python/3.11.14/x64/lib/python3.11/site-packages/pandas/io/sql.py", line 1856, in read_query
    result = self.execute(sql, params)
             ^^^^^^^^^^^^^^^^^^^^^^^^^
  File "/opt/hostedtoolcache/Python/3.11.14/x64/lib/python3.11/site-packages/pandas/io/sql.py", line 1681, in execute
    raise DatabaseError(f"Execution failed on sql '{sql}': {exc}") from exc
pandas.errors.DatabaseError: Execution failed on sql '
        SELECT
            procedure_name,
            description,
            rows_affected
        FROM sys_run_log
        WHERE procedure_name = :procedure
        ORDER BY log_id
    ': (psycopg2.errors.SyntaxError) syntax error at or near ":"
LINE 7:         WHERE procedure_name = :procedure
                                       ^

[SQL: 
        SELECT
            procedure_name,
            description,
            rows_affected
        FROM sys_run_log
        WHERE procedure_name = :procedure
        ORDER BY log_id
    ]
[parameters: {'procedure': 'update_fuel_stations_active'}]
(Background on this error at: https://sqlalche.me/e/20/f405)

