2026-02-27 15:10:28 - INFO -   Orchestrator   - Starting orchestrator
2026-02-27 15:10:28 - INFO -   Orchestrator   - Starting modules/1.file_retrieval.py
2026-02-27 15:10:29 - INFO -      Module 1    - jan2026 data file already loaded
2026-02-27 15:10:29 - INFO -   Orchestrator   - Conditions not met in modules/1.file_retrieval.py - Skipping Module
2026-02-27 15:10:29 - INFO -   Orchestrator   - Starting modules/2.transform_data.py
2026-02-27 15:10:30 - INFO -      Module 2    - jan2026 file has already been transformed
2026-02-27 15:10:30 - INFO -   Orchestrator   - Conditions not met in modules/2.transform_data.py - Skipping Module
2026-02-27 15:10:30 - INFO -   Orchestrator   - Starting modules/3.api_integration.py
2026-02-27 15:10:30 - INFO -      Module 3    - jan2026 station dictionary already up to date
2026-02-27 15:10:30 - INFO -   Orchestrator   - Conditions not met in modules/3.api_integration.py - Skipping Module
2026-02-27 15:10:30 - INFO -   Orchestrator   - Starting modules/4.data_quality.py
2026-02-27 15:10:31 - INFO -      Module 4    - Running SQL Stored Procedure
2026-02-27 15:10:32 - WARNING -      Module 4    - defect_id AD_04 has 2 rows
2026-02-27 15:10:32 - INFO -      Module 4    - Operation complete
2026-02-27 15:10:33 - INFO -   Orchestrator   - Finished modules/4.data_quality.py
2026-02-27 15:10:33 - INFO -   Orchestrator   - Starting modules/5.data_update.py
2026-02-27 15:10:33 - INFO -   Orchestrator   - Finished modules/5.data_update.py
2026-02-27 15:10:33 - ERROR -   Orchestrator   - Module modules/5.data_update.py failed with exit code 1
2026-02-27 15:10:33 - ERROR -   Orchestrator   - modules/5.data_update.py errors before failure:
Traceback (most recent call last):
  File "/home/runner/work/NSW-Fuel-Price-Insights/NSW-Fuel-Price-Insights/modules/5.data_update.py", line 47, in <module>
    latest_file_dt = datetime.strptime(latest_file, "%b%Y")
                     ^^^^^^^^
NameError: name 'datetime' is not defined

