2026-02-26 13:18:25 - INFO -   Orchestrator   - Starting orchestrator
2026-02-26 13:18:25 - INFO -   Orchestrator   - Starting modules/1.file_retrieval.py
2026-02-26 13:18:26 - INFO -      Module 1    - jan2026 data file already loaded
2026-02-26 13:18:26 - INFO -   Orchestrator   - Conditions not met in modules/1.file_retrieval.py - Skipping Module
2026-02-26 13:18:26 - INFO -   Orchestrator   - Starting modules/2.transform_data.py
2026-02-26 13:18:27 - INFO -      Module 2    - jan2026 file has already been transformed
2026-02-26 13:18:27 - INFO -   Orchestrator   - Conditions not met in modules/2.transform_data.py - Skipping Module
2026-02-26 13:18:27 - INFO -   Orchestrator   - Starting modules/3.api_integration.py
2026-02-26 13:18:27 - INFO -      Module 3    - jan2026 station dictionary already up to date
2026-02-26 13:18:27 - INFO -   Orchestrator   - Conditions not met in modules/3.api_integration.py - Skipping Module
2026-02-26 13:18:27 - INFO -   Orchestrator   - Starting modules/4.data_quality.py
2026-02-26 13:18:28 - INFO -      Module 4    - Running SQL Stored Procedure
2026-02-26 13:18:31 - WARNING -      Module 4    - defect_id AD_04 has 2 rows
2026-02-26 13:18:31 - INFO -      Module 4    - Operation complete
2026-02-26 13:18:31 - INFO -   Orchestrator   - Finished modules/4.data_quality.py
2026-02-26 13:18:31 - INFO -   Orchestrator   - Starting modules/5.data_update.py
2026-02-26 13:18:31 - INFO -      Module 4    - Running SQL Stored Procedures
2026-02-26 13:18:32 - INFO -      Module 4    - update_fuel_stations_active | INSERT | 0 rows
2026-02-26 13:18:32 - INFO -      Module 4    - update_fuel_stations_active | UPDATE | 0 rows
2026-02-26 13:18:32 - INFO -      Module 4    - update_fact_fuel | INSERT | 0 rows
2026-02-26 13:18:32 - INFO -      Module 4    - update_fuel_stations_inactive | UPDATE | 0 rows
2026-02-26 13:18:32 - INFO -      Module 4    - Operation complete
2026-02-26 13:18:32 - INFO -   Orchestrator   - Finished modules/5.data_update.py
2026-02-26 13:18:32 - INFO -   Orchestrator   - Starting modules/99.retention_policy.py
2026-02-26 13:18:32 - INFO - Retention Policy - Deleted old workflow log: data and logs/workflow_20260221_10h03.log
2026-02-26 13:18:32 - INFO - Retention Policy - Deleted old workflow log: data and logs/workflow_20260221_12h08.log
2026-02-26 13:18:32 - INFO - Retention Policy - Deleted old workflow log: data and logs/workflow_20260221_12h18.log
2026-02-26 13:18:32 - INFO - Retention Policy - Deleted old workflow log: data and logs/workflow_20260221_11h34.log
2026-02-26 13:18:32 - INFO - Retention Policy - Deleted old workflow log: data and logs/workflow_20260221_11h17.log
2026-02-26 13:18:32 - INFO - Retention Policy - Deleted old workflow log: data and logs/workflow_20260221_09h59.log
2026-02-26 13:18:32 - INFO - Retention Policy - Deleted old workflow log: data and logs/workflow_20260221_11h40.log
2026-02-26 13:18:33 - INFO - Retention Policy - Old workflow logs cleaned up and changes pushed.
2026-02-26 13:18:33 - INFO -   Orchestrator   - Finished modules/99.retention_policy.py
2026-02-26 13:18:33 - INFO -   Orchestrator   - Finished orchestrator
