2026-03-01 07:55:03 - INFO -   Orchestrator   - Starting orchestrator
2026-03-01 07:55:03 - INFO -   Orchestrator   - Starting modules/1.file_retrieval.py
2026-03-01 07:55:04 - INFO -      Module 1    - connecting to https://data.nsw.gov.au/data/dataset/fuel-check
2026-03-01 07:55:10 - INFO -      Module 1    - feb2026 file not yet available
2026-03-01 07:55:10 - INFO -   Orchestrator   - Conditions not met in modules/1.file_retrieval.py - Skipping Module
2026-03-01 07:55:10 - INFO -   Orchestrator   - Starting modules/2.transform_data.py
2026-03-01 07:55:11 - INFO -      Module 2    - jan2026 file has already been transformed
2026-03-01 07:55:11 - INFO -   Orchestrator   - Conditions not met in modules/2.transform_data.py - Skipping Module
2026-03-01 07:55:11 - INFO -   Orchestrator   - Starting modules/3.api_integration.py
2026-03-01 07:55:11 - INFO -      Module 3    - jan2026 station dictionary already up to date
2026-03-01 07:55:11 - INFO -   Orchestrator   - Conditions not met in modules/3.api_integration.py - Skipping Module
2026-03-01 07:55:11 - INFO -   Orchestrator   - Starting modules/4.data_quality.py
2026-03-01 07:55:12 - INFO -      Module 4    - Running Data Quality Stored Procedure
2026-03-01 07:55:13 - WARNING -      Module 4    - dq_id INC_05 has 6 rows
2026-03-01 07:55:13 - INFO -      Module 4    - Running AUTOFIX Stored Procedure
2026-03-01 07:55:13 - INFO -      Module 4    - Autofix INC_05 has 6 rows
2026-03-01 07:55:13 - INFO -      Module 4    - Running Data Quality Stored Procedure
2026-03-01 07:55:15 - INFO -      Module 4    - Operation complete
2026-03-01 07:55:15 - INFO -   Orchestrator   - Finished modules/4.data_quality.py
2026-03-01 07:55:15 - INFO -   Orchestrator   - Starting modules/5.data_update.py
2026-03-01 07:55:15 - INFO -      Module 5    - Running SQL Stored Procedures
2026-03-01 07:55:15 - INFO -      Module 5    - update_fuel_stations_active | INSERT | 23 rows
2026-03-01 07:55:15 - INFO -      Module 5    - update_fuel_stations_active | UPDATE | 8 rows
2026-03-01 07:55:21 - INFO -      Module 5    - update_fact_fuel | INSERT | 256774 rows
2026-03-01 07:55:21 - INFO -      Module 5    - update_fuel_stations_inactive | UPDATE | 17 rows
2026-03-01 07:55:21 - INFO -      Module 5    - Total updates = 256822 rows
2026-03-01 07:55:21 - INFO -      Module 5    - Config file updated
2026-03-01 07:55:21 - INFO -      Module 5    - pushing file to repo
2026-03-01 07:55:22 - INFO -      Module 5    - Successfully pushed config.json to repo
2026-03-01 07:55:22 - INFO -      Module 5    - Operation complete
2026-03-01 07:55:22 - INFO -   Orchestrator   - Finished modules/5.data_update.py
2026-03-01 07:55:22 - INFO -   Orchestrator   - Starting modules/99.retention_policy.py
2026-03-01 07:55:22 - INFO - Retention Policy - Old workflow logs cleaned up and changes pushed.
2026-03-01 07:55:22 - INFO -   Orchestrator   - Finished modules/99.retention_policy.py
2026-03-01 07:55:22 - INFO -   Orchestrator   - Finished orchestrator
