2026-03-01 07:57:12 - INFO -   Orchestrator   - Starting orchestrator
2026-03-01 07:57:12 - INFO -   Orchestrator   - Starting modules/1.file_retrieval.py
2026-03-01 07:57:13 - INFO -      Module 1    - connecting to https://data.nsw.gov.au/data/dataset/fuel-check
2026-03-01 07:57:17 - INFO -      Module 1    - feb2026 file not yet available
2026-03-01 07:57:17 - INFO -   Orchestrator   - Conditions not met in modules/1.file_retrieval.py - Skipping Module
2026-03-01 07:57:17 - INFO -   Orchestrator   - Starting modules/2.transform_data.py
2026-03-01 07:57:17 - INFO -      Module 2    - jan2026 file has already been transformed
2026-03-01 07:57:18 - INFO -   Orchestrator   - Conditions not met in modules/2.transform_data.py - Skipping Module
2026-03-01 07:57:18 - INFO -   Orchestrator   - Starting modules/3.api_integration.py
2026-03-01 07:57:18 - INFO -      Module 3    - jan2026 station dictionary already up to date
2026-03-01 07:57:18 - INFO -   Orchestrator   - Conditions not met in modules/3.api_integration.py - Skipping Module
2026-03-01 07:57:18 - INFO -   Orchestrator   - Starting modules/4.data_quality.py
2026-03-01 07:57:18 - INFO -      Module 4    - Running Data Quality Stored Procedure
2026-03-01 07:57:20 - WARNING -      Module 4    - dq_id MIS_02 has 5 rows
2026-03-01 07:57:20 - WARNING -      Module 4    - dq_id INC_01 has 7 rows
2026-03-01 07:57:20 - WARNING -      Module 4    - dq_id INC_02 has 7 rows
2026-03-01 07:57:20 - WARNING -      Module 4    - dq_id INC_04 has 23 rows
2026-03-01 07:57:20 - INFO -      Module 4    - Running AUTOFIX Stored Procedure
2026-03-01 07:57:20 - INFO -      Module 4    - Autofix MIS_02 has 5 rows
2026-03-01 07:57:20 - INFO -      Module 4    - Running Data Quality Stored Procedure
2026-03-01 07:57:21 - WARNING -      Module 4    - dq_id INC_01 has 7 rows
2026-03-01 07:57:21 - WARNING -      Module 4    - dq_id INC_02 has 7 rows
2026-03-01 07:57:21 - WARNING -      Module 4    - dq_id INC_04 has 23 rows
2026-03-01 07:57:21 - INFO -      Module 4    - Operation complete
2026-03-01 07:57:21 - INFO -   Orchestrator   - Finished modules/4.data_quality.py
2026-03-01 07:57:21 - INFO -   Orchestrator   - Starting modules/5.data_update.py
2026-03-01 07:57:22 - INFO -      Module 5    - jan2026 date is already updated in the database
2026-03-01 07:57:22 - INFO -   Orchestrator   - Finished modules/5.data_update.py
2026-03-01 07:57:22 - ERROR -   Orchestrator   - Module modules/5.data_update.py failed with exit code 1
2026-03-01 07:57:22 - ERROR -   Orchestrator   - modules/5.data_update.py errors before failure:
Traceback (most recent call last):
  File "/home/runner/work/NSW-Fuel-Price-Insights/NSW-Fuel-Price-Insights/modules/5.data_update.py", line 151, in <module>
    sys.exit(10)
    ^^^
NameError: name 'sys' is not defined

