2026-02-25 12:17:20 - INFO -   Orchestrator   - Starting orchestrator
2026-02-25 12:17:20 - INFO -   Orchestrator   - Starting modules/1.file_retrieval.py
2026-02-25 12:17:20 - INFO -      Module 1    - jan2026 data file already loaded
2026-02-25 12:17:20 - INFO -   Orchestrator   - Conditions not met in modules/1.file_retrieval.py - Skipping Module
2026-02-25 12:17:20 - INFO -   Orchestrator   - Starting modules/2.transform_data.py
2026-02-25 12:17:21 - INFO -      Module 2    - jan2026 file has already been transformed
2026-02-25 12:17:21 - INFO -   Orchestrator   - Conditions not met in modules/2.transform_data.py - Skipping Module
2026-02-25 12:17:21 - INFO -   Orchestrator   - Starting modules/3.api_integration.py
2026-02-25 12:17:22 - INFO -      Module 3    - jan2026 station dictionary already up to date
2026-02-25 12:17:22 - INFO -   Orchestrator   - Conditions not met in modules/3.api_integration.py - Skipping Module
2026-02-25 12:17:22 - INFO -   Orchestrator   - Starting modules/4.data_quality.py
2026-02-25 12:17:22 - INFO -      Module 4    - Running SQL Stored Procedure
2026-02-25 12:17:24 - INFO -   Orchestrator   - Finished modules/4.data_quality.py
2026-02-25 12:17:24 - ERROR -   Orchestrator   - Module modules/4.data_quality.py failed with exit code 1
2026-02-25 12:17:24 - ERROR -   Orchestrator   - modules/4.data_quality.py errors before failure:
Traceback (most recent call last):
  File "/home/runner/work/NSW-Fuel-Price-Insights/NSW-Fuel-Price-Insights/modules/4.data_quality.py", line 69, in <module>
    row["description"],
    ~~~^^^^^^^^^^^^^^^
TypeError: tuple indices must be integers or slices, not str

