2026-10-03 10:10:36 - INFO -   Orchestrator   - Starting orchestrator
2026-10-03 10:10:36 - INFO -   Orchestrator   - Starting modules/1.file_retrieval.py
2026-10-03 10:10:37 - INFO -      Module 1    - connecting to https://data.nsw.gov.au/data/dataset/fuel-check
2026-10-03 10:11:07 - INFO -      Module 1    - sep2026 file not yet available
2026-10-03 10:11:07 - INFO -   Orchestrator   - Conditions not met in modules/1.file_retrieval.py - Skipping Module
2026-10-03 10:11:07 - INFO -   Orchestrator   - Starting modules/2.transform_data.py
2026-10-03 10:11:07 - INFO -      Module 2    - aug2026 file has already been transformed
2026-10-03 10:11:08 - INFO -   Orchestrator   - Conditions not met in modules/2.transform_data.py - Skipping Module
2026-10-03 10:11:08 - INFO -   Orchestrator   - Starting modules/3.api_integration.py
2026-10-03 10:11:08 - INFO -      Module 3    - aug2026 station dictionary already up to date
2026-10-03 10:11:08 - INFO -   Orchestrator   - Conditions not met in modules/3.api_integration.py - Skipping Module
2026-10-03 10:11:08 - INFO -   Orchestrator   - Starting modules/4.data_quality.py
2026-10-03 10:11:08 - INFO -      Module 4    - aug2026 data is already loaded to database
2026-10-03 10:11:08 - INFO -   Orchestrator   - Conditions not met in modules/4.data_quality.py - Skipping Module
2026-10-03 10:11:08 - INFO -   Orchestrator   - Starting modules/5.data_update.py
2026-10-03 10:11:09 - INFO -      Module 5    - aug2026 date is already updated in the database
2026-10-03 10:11:09 - INFO -   Orchestrator   - Conditions not met in modules/5.data_update.py - Skipping Module
2026-10-03 10:11:09 - INFO -   Orchestrator   - Starting modules/99.retention_policy.py
2026-10-03 10:11:09 - INFO - Retention Policy - Deleted old workflow log: data and logs/workflow_20260903_09h24.log
2026-10-03 10:11:10 - INFO - Retention Policy - Old workflow logs cleaned up and changes pushed.
2026-10-03 10:11:10 - INFO -   Orchestrator   - Finished modules/99.retention_policy.py
2026-10-03 10:11:10 - INFO -   Orchestrator   - Finished orchestrator
