2026-05-01 07:23:45 - INFO -   Orchestrator   - Starting orchestrator
2026-05-01 07:23:45 - INFO -   Orchestrator   - Starting modules/1.file_retrieval.py
2026-05-01 07:23:46 - INFO -      Module 1    - connecting to https://data.nsw.gov.au/data/dataset/fuel-check
2026-05-01 07:23:50 - INFO -      Module 1    - downloading file from server
2026-05-01 07:23:59 - INFO -      Module 1    - converting file to csv
2026-05-01 07:24:00 - INFO -      Module 1    - pushing file to repo
2026-05-01 07:24:03 - INFO -      Module 1    - Successfully pushed data and logs/fuelcheck_apr2026.csv to repo
2026-05-01 07:24:03 - INFO -      Module 1    - Config file updated
2026-05-01 07:24:03 - INFO -      Module 1    - pushing file to repo
2026-05-01 07:24:04 - INFO -      Module 1    - Successfully pushed config.json to repo
2026-05-01 07:24:04 - INFO -   Orchestrator   - Finished modules/1.file_retrieval.py
2026-05-01 07:24:04 - INFO -   Orchestrator   - Starting modules/2.transform_data.py
2026-05-01 07:24:04 - INFO -      Module 2    - Starting Data Transformations
2026-05-01 07:24:04 - INFO -      Module 2    - Reading data and logs/fuelcheck_apr2026.csv
2026-05-01 07:24:04 - INFO -      Module 2    - df_fuel_data has 126651 rows
2026-05-01 07:24:39 - INFO -      Module 2    - Final output has 287294 rows
2026-05-01 07:24:39 - INFO -      Module 2    - Inserting values into database
2026-05-01 07:25:04 - ERROR -   Orchestrator   - Unexpected error running modules/2.transform_data.py: Command '['python', 'modules/2.transform_data.py', '--log-file', 'data and logs/workflow_20260501_07h23.log']' timed out after 60 seconds
Traceback (most recent call last):
  File "/home/runner/work/NSW-Fuel-Price-Insights/NSW-Fuel-Price-Insights/orchestrator.py", line 72, in run_module
    result = subprocess.run(
             ^^^^^^^^^^^^^^^
  File "/opt/hostedtoolcache/Python/3.11.15/x64/lib/python3.11/subprocess.py", line 550, in run
    stdout, stderr = process.communicate(input, timeout=timeout)
                     ^^^^^^^^^^^^^^^^^^^^^^^^^^^^^^^^^^^^^^^^^^^
  File "/opt/hostedtoolcache/Python/3.11.15/x64/lib/python3.11/subprocess.py", line 1209, in communicate
    stdout, stderr = self._communicate(input, endtime, timeout)
                     ^^^^^^^^^^^^^^^^^^^^^^^^^^^^^^^^^^^^^^^^^^
  File "/opt/hostedtoolcache/Python/3.11.15/x64/lib/python3.11/subprocess.py", line 2116, in _communicate
    self._check_timeout(endtime, orig_timeout, stdout, stderr)
  File "/opt/hostedtoolcache/Python/3.11.15/x64/lib/python3.11/subprocess.py", line 1253, in _check_timeout
    raise TimeoutExpired(
subprocess.TimeoutExpired: Command '['python', 'modules/2.transform_data.py', '--log-file', 'data and logs/workflow_20260501_07h23.log']' timed out after 60 seconds
